[2018-10-23T23:48:26.090-0400][gc,heap       ] GC(67) Survivor regions: 3->3(64)
[2018-10-23T23:48:26.090-0400][gc,heap       ] GC(67) Old regions: 13->13
[2018-10-23T23:48:26.090-0400][gc,heap       ] GC(67) Humongous regions: 345->131
[2018-10-23T23:48:26.090-0400][gc,metaspace  ] GC(67) Metaspace: 36518K->36518K(1083392K)
[2018-10-23T23:48:26.090-0400][gc            ] GC(67) Pause Initial Mark (G1 Humongous Allocation) 393M->145M(1024M) 4.294ms
[2018-10-23T23:48:26.090-0400][gc,cpu        ] GC(67) User=0.01s Sys=0.00s Real=0.00s
[2018-10-23T23:48:26.090-0400][gc            ] GC(68) Concurrent Cycle
[2018-10-23T23:48:26.090-0400][gc,marking    ] GC(68) Concurrent Clear Claimed Marks
[2018-10-23T23:48:26.090-0400][gc,marking    ] GC(68) Concurrent Clear Claimed Marks 0.018ms
[2018-10-23T23:48:26.090-0400][gc,marking    ] GC(68) Concurrent Scan Root Regions
[2018-10-23T23:48:26.092-0400][gc,marking    ] GC(68) Concurrent Scan Root Regions 1.671ms
[2018-10-23T23:48:26.092-0400][gc,marking    ] GC(68) Concurrent Mark (5164.066s)
[2018-10-23T23:48:26.092-0400][gc,marking    ] GC(68) Concurrent Mark From Roots
[2018-10-23T23:48:26.092-0400][gc,task       ] GC(68) Using 2 workers of 2 for marking
[2018-10-23T23:48:26.101-0400][gc,marking    ] GC(68) Concurrent Mark From Roots 8.581ms
[2018-10-23T23:48:26.101-0400][gc,marking    ] GC(68) Concurrent Mark (5164.066s, 5164.075s) 8.620ms
[2018-10-23T23:48:26.101-0400][gc,start      ] GC(68) Pause Remark
[2018-10-23T23:48:26.107-0400][gc,stringtable] GC(68) Cleaned string and symbol table, strings: 14789 processed, 0 removed, symbols: 96087 processed, 0 removed
[2018-10-23T23:48:26.107-0400][gc            ] GC(68) Pause Remark 148M->148M(1024M) 6.442ms
[2018-10-23T23:48:26.107-0400][gc,cpu        ] GC(68) User=0.03s Sys=0.00s Real=0.01s
[2018-10-23T23:48:26.109-0400][gc,marking    ] GC(68) Concurrent Create Live Data
[2018-10-23T23:48:26.112-0400][gc,marking    ] GC(68) Concurrent Create Live Data 2.753ms
[2018-10-23T23:48:26.112-0400][gc,start      ] GC(68) Pause Cleanup
[2018-10-23T23:48:26.113-0400][gc            ] GC(68) Pause Cleanup 148M->148M(1024M) 0.693ms
[2018-10-23T23:48:26.113-0400][gc,cpu        ] GC(68) User=0.00s Sys=0.00s Real=0.00s
[2018-10-23T23:48:26.113-0400][gc,marking    ] GC(68) Concurrent Cleanup for Next Mark
[2018-10-23T23:48:26.115-0400][gc,marking    ] GC(68) Concurrent Cleanup for Next Mark 1.638ms
[2018-10-23T23:48:26.115-0400][gc            ] GC(68) Concurrent Cycle 24.288ms
[2018-10-23T23:48:59.934-0400][gc,start      ] GC(69) Pause Initial Mark (G1 Humongous Allocation)
[2018-10-23T23:48:59.935-0400][gc,task       ] GC(69) Using 8 workers of 8 for evacuation
[2018-10-23T23:48:59.938-0400][gc,phases     ] GC(69)   Pre Evacuate Collection Set: 0.1ms
[2018-10-23T23:48:59.938-0400][gc,phases     ] GC(69)   Evacuate Collection Set: 2.9ms
[2018-10-23T23:48:59.938-0400][gc,phases     ] GC(69)   Post Evacuate Collection Set: 0.6ms
[2018-10-23T23:48:59.938-0400][gc,phases     ] GC(69)   Other: 0.4ms
[2018-10-23T23:48:59.938-0400][gc,heap       ] GC(69) Eden regions: 19->0(559)
[2018-10-23T23:48:59.938-0400][gc,heap       ] GC(69) Survivor regions: 3->3(67)
[2018-10-23T23:48:59.938-0400][gc,heap       ] GC(69) Old regions: 13->13
[2018-10-23T23:48:59.938-0400][gc,heap       ] GC(69) Humongous regions: 345->131
[2018-10-23T23:48:59.939-0400][gc,metaspace  ] GC(69) Metaspace: 36518K->36518K(1083392K)
[2018-10-23T23:48:59.939-0400][gc            ] GC(69) Pause Initial Mark (G1 Humongous Allocation) 378M->145M(1024M) 4.071ms
[2018-10-23T23:48:59.939-0400][gc,cpu        ] GC(69) User=0.01s Sys=0.00s Real=0.00s
[2018-10-23T23:48:59.939-0400][gc            ] GC(70) Concurrent Cycle
[2018-10-23T23:48:59.939-0400][gc,marking    ] GC(70) Concurrent Clear Claimed Marks
[2018-10-23T23:48:59.939-0400][gc,marking    ] GC(70) Concurrent Clear Claimed Marks 0.014ms
[2018-10-23T23:48:59.939-0400][gc,marking    ] GC(70) Concurrent Scan Root Regions
[2018-10-23T23:48:59.940-0400][gc,marking    ] GC(70) Concurrent Scan Root Regions 1.241ms
[2018-10-23T23:48:59.940-0400][gc,marking    ] GC(70) Concurrent Mark (5197.914s)
[2018-10-23T23:48:59.940-0400][gc,marking    ] GC(70) Concurrent Mark From Roots
[2018-10-23T23:48:59.940-0400][gc,task       ] GC(70) Using 2 workers of 2 for marking
[2018-10-23T23:48:59.949-0400][gc,marking    ] GC(70) Concurrent Mark From Roots 8.898ms
[2018-10-23T23:48:59.949-0400][gc,marking    ] GC(70) Concurrent Mark (5197.914s, 5197.923s) 8.947ms
[2018-10-23T23:48:59.949-0400][gc,start      ] GC(70) Pause Remark
[2018-10-23T23:48:59.956-0400][gc,stringtable] GC(70) Cleaned string and symbol table, strings: 14789 processed, 0 removed, symbols: 96087 processed, 0 removed
[2018-10-23T23:48:59.956-0400][gc            ] GC(70) Pause Remark 149M->149M(1024M) 7.079ms
[2018-10-23T23:48:59.956-0400][gc,cpu        ] GC(70) User=0.03s Sys=0.00s Real=0.01s
[2018-10-23T23:48:59.956-0400][gc,marking    ] GC(70) Concurrent Create Live Data
[2018-10-23T23:48:59.959-0400][gc,marking    ] GC(70) Concurrent Create Live Data 2.377ms
[2018-10-23T23:48:59.959-0400][gc,start      ] GC(70) Pause Cleanup
[2018-10-23T23:48:59.960-0400][gc            ] GC(70) Pause Cleanup 149M->149M(1024M) 0.624ms
[2018-10-23T23:48:59.960-0400][gc,cpu        ] GC(70) User=0.01s Sys=0.00s Real=0.00s
[2018-10-23T23:48:59.960-0400][gc,marking    ] GC(70) Concurrent Cleanup for Next Mark
[2018-10-23T23:48:59.961-0400][gc,marking    ] GC(70) Concurrent Cleanup for Next Mark 1.390ms
[2018-10-23T23:48:59.961-0400][gc            ] GC(70) Concurrent Cycle 22.395ms
[2018-10-23T23:49:33.829-0400][gc,start      ] GC(71) Pause Initial Mark (G1 Humongous Allocation)
[2018-10-23T23:49:33.829-0400][gc,task       ] GC(71) Using 8 workers of 8 for evacuation
[2018-10-23T23:49:33.835-0400][gc,phases     ] GC(71)   Pre Evacuate Collection Set: 0.1ms
[2018-10-23T23:49:33.835-0400][gc,phases     ] GC(71)   Evacuate Collection Set: 4.2ms
[2018-10-23T23:49:33.835-0400][gc,phases     ] GC(71)   Post Evacuate Collection Set: 0.6ms
[2018-10-23T23:49:33.835-0400][gc,phases     ] GC(71)   Other: 0.4ms
[2018-10-23T23:49:33.835-0400][gc,heap       ] GC(71) Eden regions: 18->0(593)
[2018-10-23T23:49:33.835-0400][gc,heap       ] GC(71) Survivor regions: 3->3(71)
[2018-10-23T23:49:33.835-0400][gc,heap       ] GC(71) Old regions: 13->13
[2018-10-23T23:49:33.835-0400][gc,heap       ] GC(71) Humongous regions: 345->131
[2018-10-23T23:49:33.835-0400][gc,metaspace  ] GC(71) Metaspace: 36518K->36518K(1083392K)
[2018-10-23T23:49:33.835-0400][gc            ] GC(71) Pause Initial Mark (G1 Humongous Allocation) 377M->146M(1024M) 5.349ms
[2018-10-23T23:49:33.835-0400][gc,cpu        ] GC(71) User=0.01s Sys=0.00s Real=0.01s
[2018-10-23T23:49:33.835-0400][gc            ] GC(72) Concurrent Cycle
[2018-10-23T23:49:33.835-0400][gc,marking    ] GC(72) Concurrent Clear Claimed Marks
[2018-10-23T23:49:33.835-0400][gc,marking    ] GC(72) Concurrent Clear Claimed Marks 0.013ms
[2018-10-23T23:49:33.835-0400][gc,marking    ] GC(72) Concurrent Scan Root Regions
[2018-10-23T23:49:33.836-0400][gc,marking    ] GC(72) Concurrent Scan Root Regions 1.240ms
[2018-10-23T23:49:33.836-0400][gc,marking    ] GC(72) Concurrent Mark (5231.810s)
[2018-10-23T23:49:33.836-0400][gc,marking    ] GC(72) Concurrent Mark From Roots
[2018-10-23T23:49:33.836-0400][gc,task       ] GC(72) Using 2 workers of 2 for marking
[2018-10-23T23:49:33.845-0400][gc,marking    ] GC(72) Concurrent Mark From Roots 9.239ms
[2018-10-23T23:49:33.845-0400][gc,marking    ] GC(72) Concurrent Mark (5231.810s, 5231.820s) 9.284ms
[2018-10-23T23:49:33.846-0400][gc,start      ] GC(72) Pause Remark
[2018-10-23T23:49:33.851-0400][gc,stringtable] GC(72) Cleaned string and symbol table, strings: 14789 processed, 0 removed, symbols: 96087 processed, 0 removed
[2018-10-23T23:49:33.852-0400][gc            ] GC(72) Pause Remark 149M->149M(1024M) 5.741ms
[2018-10-23T23:49:33.852-0400][gc,cpu        ] GC(72) User=0.02s Sys=0.00s Real=0.00s
[2018-10-23T23:49:33.852-0400][gc,marking    ] GC(72) Concurrent Create Live Data
[2018-10-23T23:49:33.855-0400][gc,marking    ] GC(72) Concurrent Create Live Data 3.469ms
[2018-10-23T23:49:33.855-0400][gc,start      ] GC(72) Pause Cleanup
[2018-10-23T23:49:33.856-0400][gc            ] GC(72) Pause Cleanup 149M->149M(1024M) 0.689ms
[2018-10-23T23:49:33.856-0400][gc,cpu        ] GC(72) User=0.00s Sys=0.00s Real=0.00s
[2018-10-23T23:49:33.856-0400][gc,marking    ] GC(72) Concurrent Cleanup for Next Mark
[2018-10-23T23:49:33.858-0400][gc,marking    ] GC(72) Concurrent Cleanup for Next Mark 1.522ms
[2018-10-23T23:49:33.858-0400][gc            ] GC(72) Concurrent Cycle 22.939ms
[2018-10-23T23:50:07.734-0400][gc,start      ] GC(73) Pause Initial Mark (G1 Humongous Allocation)
[2018-10-23T23:50:07.734-0400][gc,task       ] GC(73) Using 8 workers of 8 for evacuation
[2018-10-23T23:50:07.741-0400][gc,phases     ] GC(73)   Pre Evacuate Collection Set: 0.1ms
[2018-10-23T23:50:07.741-0400][gc,phases     ] GC(73)   Evacuate Collection Set: 6.0ms
[2018-10-23T23:50:07.741-0400][gc,phases     ] GC(73)   Post Evacuate Collection Set: 0.6ms
[2018-10-23T23:50:07.741-0400][gc,phases     ] GC(73)   Other: 0.4ms
[2018-10-23T23:50:07.741-0400][gc,heap       ] GC(73) Eden regions: 18->0(561)
[2018-10-23T23:50:07.741-0400][gc,heap       ] GC(73) Survivor regions: 3->3(75)
[2018-10-23T23:50:07.741-0400][gc,heap       ] GC(73) Old regions: 13->13
[2018-10-23T23:50:07.741-0400][gc,heap       ] GC(73) Humongous regions: 345->131
[2018-10-23T23:50:07.741-0400][gc,metaspace  ] GC(73) Metaspace: 36518K->36518K(1083392K)
[2018-10-23T23:50:07.741-0400][gc            ] GC(73) Pause Initial Mark (G1 Humongous Allocation) 378M->146M(1024M) 7.064ms
[2018-10-23T23:50:07.741-0400][gc,cpu        ] GC(73) User=0.02s Sys=0.00s Real=0.00s
[2018-10-23T23:50:07.741-0400][gc            ] GC(74) Concurrent Cycle
[2018-10-23T23:50:07.741-0400][gc,marking    ] GC(74) Concurrent Clear Claimed Marks
[2018-10-23T23:50:07.741-0400][gc,marking    ] GC(74) Concurrent Clear Claimed Marks 0.011ms
[2018-10-23T23:50:07.741-0400][gc,marking    ] GC(74) Concurrent Scan Root Regions
[2018-10-23T23:50:07.742-0400][gc,marking    ] GC(74) Concurrent Scan Root Regions 1.332ms
[2018-10-23T23:50:07.742-0400][gc,marking    ] GC(74) Concurrent Mark (5265.716s)
[2018-10-23T23:50:07.742-0400][gc,marking    ] GC(74) Concurrent Mark From Roots
[2018-10-23T23:50:07.742-0400][gc,task       ] GC(74) Using 2 workers of 2 for marking
[2018-10-23T23:50:07.751-0400][gc,marking    ] GC(74) Concurrent Mark From Roots 8.763ms
[2018-10-23T23:50:07.751-0400][gc,marking    ] GC(74) Concurrent Mark (5265.716s, 5265.725s) 8.799ms
[2018-10-23T23:50:07.751-0400][gc,start      ] GC(74) Pause Remark
[2018-10-23T23:50:07.757-0400][gc,stringtable] GC(74) Cleaned string and symbol table, strings: 14789 processed, 0 removed, symbols: 96087 processed, 0 removed
[2018-10-23T23:50:07.757-0400][gc            ] GC(74) Pause Remark 149M->149M(1024M) 5.954ms
[2018-10-23T23:50:07.757-0400][gc,cpu        ] GC(74) User=0.03s Sys=0.00s Real=0.01s
[2018-10-23T23:50:07.757-0400][gc,marking    ] GC(74) Concurrent Create Live Data
[2018-10-23T23:50:07.760-0400][gc,marking    ] GC(74) Concurrent Create Live Data 2.305ms
[2018-10-23T23:50:07.760-0400][gc,start      ] GC(74) Pause Cleanup
[2018-10-23T23:50:07.761-0400][gc            ] GC(74) Pause Cleanup 149M->149M(1024M) 0.620ms
[2018-10-23T23:50:07.761-0400][gc,cpu        ] GC(74) User=0.00s Sys=0.00s Real=0.00s
[2018-10-23T23:50:07.761-0400][gc,marking    ] GC(74) Concurrent Cleanup for Next Mark
[2018-10-23T23:50:07.762-0400][gc,marking    ] GC(74) Concurrent Cleanup for Next Mark 1.540ms
[2018-10-23T23:50:07.762-0400][gc            ] GC(74) Concurrent Cycle 21.302ms
[2018-10-23T23:50:41.635-0400][gc,start      ] GC(75) Pause Initial Mark (G1 Humongous Allocation)
[2018-10-23T23:50:41.635-0400][gc,task       ] GC(75) Using 8 workers of 8 for evacuation
[2018-10-23T23:50:41.639-0400][gc,phases     ] GC(75)   Pre Evacuate Collection Set: 0.1ms
[2018-10-23T23:50:41.639-0400][gc,phases     ] GC(75)   Evacuate Collection Set: 3.5ms
[2018-10-23T23:50:41.639-0400][gc,phases     ] GC(75)   Post Evacuate Collection Set: 0.5ms
[2018-10-23T23:50:41.639-0400][gc,phases     ] GC(75)   Other: 0.3ms
[2018-10-23T23:50:41.639-0400][gc,heap       ] GC(75) Eden regions: 19->0(558)
[2018-10-23T23:50:41.639-0400][gc,heap       ] GC(75) Survivor regions: 3->3(71)
[2018-10-23T23:50:41.639-0400][gc,heap       ] GC(75) Old regions: 13->13
[2018-10-23T23:50:41.639-0400][gc,heap       ] GC(75) Humongous regions: 345->131
[2018-10-23T23:50:41.639-0400][gc,metaspace  ] GC(75) Metaspace: 36518K->36518K(1083392K)
[2018-10-23T23:50:41.639-0400][gc            ] GC(75) Pause Initial Mark (G1 Humongous Allocation) 379M->146M(1024M) 4.484ms
[2018-10-23T23:50:41.639-0400][gc,cpu        ] GC(75) User=0.01s Sys=0.00s Real=0.00s
[2018-10-23T23:50:41.639-0400][gc            ] GC(76) Concurrent Cycle
[2018-10-23T23:50:41.639-0400][gc,marking    ] GC(76) Concurrent Clear Claimed Marks
[2018-10-23T23:50:41.639-0400][gc,marking    ] GC(76) Concurrent Clear Claimed Marks 0.012ms
[2018-10-23T23:50:41.639-0400][gc,marking    ] GC(76) Concurrent Scan Root Regions
[2018-10-23T23:50:41.641-0400][gc,marking    ] GC(76) Concurrent Scan Root Regions 1.225ms
[2018-10-23T23:50:41.641-0400][gc,marking    ] GC(76) Concurrent Mark (5299.615s)
[2018-10-23T23:50:41.641-0400][gc,marking    ] GC(76) Concurrent Mark From Roots
[2018-10-23T23:50:41.641-0400][gc,task       ] GC(76) Using 2 workers of 2 for marking
[2018-10-23T23:50:41.650-0400][gc,marking    ] GC(76) Concurrent Mark From Roots 9.104ms
[2018-10-23T23:50:41.650-0400][gc,marking    ] GC(76) Concurrent Mark (5299.615s, 5299.624s) 9.149ms
[2018-10-23T23:50:41.650-0400][gc,start      ] GC(76) Pause Remark
[2018-10-23T23:50:41.657-0400][gc,stringtable] GC(76) Cleaned string and symbol table, strings: 14789 processed, 0 removed, symbols: 96087 processed, 0 removed
[2018-10-23T23:50:41.657-0400][gc            ] GC(76) Pause Remark 149M->149M(1024M) 7.195ms
[2018-10-23T23:50:41.657-0400][gc,cpu        ] GC(76) User=0.03s Sys=0.00s Real=0.01s
[2018-10-23T23:50:41.657-0400][gc,marking    ] GC(76) Concurrent Create Live Data
[2018-10-23T23:50:41.660-0400][gc,marking    ] GC(76) Concurrent Create Live Data 2.360ms
[2018-10-23T23:50:41.660-0400][gc,start      ] GC(76) Pause Cleanup
[2018-10-23T23:50:41.661-0400][gc            ] GC(76) Pause Cleanup 149M->149M(1024M) 0.803ms
[2018-10-23T23:50:41.661-0400][gc,cpu        ] GC(76) User=0.00s Sys=0.00s Real=0.00s
[2018-10-23T23:50:41.661-0400][gc,marking    ] GC(76) Concurrent Cleanup for Next Mark
[2018-10-23T23:50:41.662-0400][gc,marking    ] GC(76) Concurrent Cleanup for Next Mark 1.426ms
[2018-10-23T23:50:41.662-0400][gc            ] GC(76) Concurrent Cycle 22.902ms
[2018-10-23T23:51:15.265-0400][gc,start      ] GC(77) Pause Initial Mark (G1 Humongous Allocation)
[2018-10-23T23:51:15.265-0400][gc,task       ] GC(77) Using 8 workers of 8 for evacuation
[2018-10-23T23:51:15.270-0400][gc,phases     ] GC(77)   Pre Evacuate Collection Set: 0.1ms
[2018-10-23T23:51:15.270-0400][gc,phases     ] GC(77)   Evacuate Collection Set: 3.8ms
[2018-10-23T23:51:15.270-0400][gc,phases     ] GC(77)   Post Evacuate Collection Set: 0.5ms
[2018-10-23T23:51:15.270-0400][gc,phases     ] GC(77)   Other: 0.3ms
[2018-10-23T23:51:15.270-0400][gc,heap       ] GC(77) Eden regions: 20->0(477)
[2018-10-23T23:51:15.270-0400][gc,heap       ] GC(77) Survivor regions: 3->3(71)
[2018-10-23T23:51:15.270-0400][gc,heap       ] GC(77) Old regions: 13->13
[2018-10-23T23:51:15.270-0400][gc,heap       ] GC(77) Humongous regions: 345->131
[2018-10-23T23:51:15.270-0400][gc,metaspace  ] GC(77) Metaspace: 36518K->36518K(1083392K)
[2018-10-23T23:51:15.270-0400][gc            ] GC(77) Pause Initial Mark (G1 Humongous Allocation) 379M->146M(1024M) 4.712ms
[2018-10-23T23:51:15.270-0400][gc,cpu        ] GC(77) User=0.01s Sys=0.00s Real=0.00s
[2018-10-23T23:51:15.270-0400][gc            ] GC(78) Concurrent Cycle
[2018-10-23T23:51:15.270-0400][gc,marking    ] GC(78) Concurrent Clear Claimed Marks
[2018-10-23T23:51:15.270-0400][gc,marking    ] GC(78) Concurrent Clear Claimed Marks 0.013ms
[2018-10-23T23:51:15.270-0400][gc,marking    ] GC(78) Concurrent Scan Root Regions
[2018-10-23T23:51:15.271-0400][gc,marking    ] GC(78) Concurrent Scan Root Regions 1.301ms
[2018-10-23T23:51:15.271-0400][gc,marking    ] GC(78) Concurrent Mark (5333.245s)
[2018-10-23T23:51:15.271-0400][gc,marking    ] GC(78) Concurrent Mark From Roots
[2018-10-23T23:51:15.271-0400][gc,task       ] GC(78) Using 2 workers of 2 for marking
[2018-10-23T23:51:15.280-0400][gc,marking    ] GC(78) Concurrent Mark From Roots 8.794ms
[2018-10-23T23:51:15.280-0400][gc,marking    ] GC(78) Concurrent Mark (5333.245s, 5333.254s) 8.823ms
[2018-10-23T23:51:15.281-0400][gc,start      ] GC(78) Pause Remark
[2018-10-23T23:51:15.287-0400][gc,stringtable] GC(78) Cleaned string and symbol table, strings: 14789 processed, 0 removed, symbols: 96087 processed, 0 removed
[2018-10-23T23:51:15.287-0400][gc            ] GC(78) Pause Remark 149M->149M(1024M) 6.276ms
[2018-10-23T23:51:15.287-0400][gc,cpu        ] GC(78) User=0.04s Sys=0.00s Real=0.01s
[2018-10-23T23:51:15.287-0400][gc,marking    ] GC(78) Concurrent Create Live Data
[2018-10-23T23:51:15.291-0400][gc,marking    ] GC(78) Concurrent Create Live Data 4.100ms
[2018-10-23T23:51:15.291-0400][gc,start      ] GC(78) Pause Cleanup
[2018-10-23T23:51:15.292-0400][gc            ] GC(78) Pause Cleanup 149M->149M(1024M) 0.645ms
[2018-10-23T23:51:15.292-0400][gc,cpu        ] GC(78) User=0.00s Sys=0.00s Real=0.00s
[2018-10-23T23:51:15.292-0400][gc,marking    ] GC(78) Concurrent Cleanup for Next Mark
[2018-10-23T23:51:15.293-0400][gc,marking    ] GC(78) Concurrent Cleanup for Next Mark 1.405ms
[2018-10-23T23:51:15.293-0400][gc            ] GC(78) Concurrent Cycle 23.447ms
[2018-10-23T23:51:48.885-0400][gc,start      ] GC(79) Pause Initial Mark (G1 Humongous Allocation)
[2018-10-23T23:51:48.885-0400][gc,task       ] GC(79) Using 8 workers of 8 for evacuation
[2018-10-23T23:51:48.895-0400][gc,phases     ] GC(79)   Pre Evacuate Collection Set: 0.1ms
[2018-10-23T23:51:48.895-0400][gc,phases     ] GC(79)   Evacuate Collection Set: 8.9ms
[2018-10-23T23:51:48.895-0400][gc,phases     ] GC(79)   Post Evacuate Collection Set: 0.6ms
[2018-10-23T23:51:48.895-0400][gc,phases     ] GC(79)   Other: 0.3ms
[2018-10-23T23:51:48.895-0400][gc,heap       ] GC(79) Eden regions: 17->0(430)
[2018-10-23T23:51:48.895-0400][gc,heap       ] GC(79) Survivor regions: 3->3(60)
[2018-10-23T23:51:48.895-0400][gc,heap       ] GC(79) Old regions: 13->13
[2018-10-23T23:51:48.895-0400][gc,heap       ] GC(79) Humongous regions: 345->131
[2018-10-23T23:51:48.895-0400][gc,metaspace  ] GC(79) Metaspace: 36518K->36518K(1083392K)
[2018-10-23T23:51:48.895-0400][gc            ] GC(79) Pause Initial Mark (G1 Humongous Allocation) 377M->146M(1024M) 10.006ms
[2018-10-23T23:51:48.895-0400][gc,cpu        ] GC(79) User=0.02s Sys=0.00s Real=0.01s
[2018-10-23T23:51:48.895-0400][gc            ] GC(80) Concurrent Cycle
[2018-10-23T23:51:48.895-0400][gc,marking    ] GC(80) Concurrent Clear Claimed Marks
[2018-10-23T23:51:48.895-0400][gc,marking    ] GC(80) Concurrent Clear Claimed Marks 0.016ms
[2018-10-23T23:51:48.895-0400][gc,marking    ] GC(80) Concurrent Scan Root Regions
[2018-10-23T23:51:48.896-0400][gc,marking    ] GC(80) Concurrent Scan Root Regions 1.529ms
[2018-10-23T23:51:48.897-0400][gc,marking    ] GC(80) Concurrent Mark (5366.871s)
[2018-10-23T23:51:48.897-0400][gc,marking    ] GC(80) Concurrent Mark From Roots
[2018-10-23T23:51:48.897-0400][gc,task       ] GC(80) Using 2 workers of 2 for marking
[2018-10-23T23:51:48.906-0400][gc,marking    ] GC(80) Concurrent Mark From Roots 9.097ms
[2018-10-23T23:51:48.906-0400][gc,marking    ] GC(80) Concurrent Mark (5366.871s, 5366.880s) 9.130ms
[2018-10-23T23:51:48.906-0400][gc,start      ] GC(80) Pause Remark
[2018-10-23T23:51:48.915-0400][gc,stringtable] GC(80) Cleaned string and symbol table, strings: 14789 processed, 0 removed, symbols: 96087 processed, 0 removed
[2018-10-23T23:51:48.915-0400][gc            ] GC(80) Pause Remark 149M->149M(1024M) 9.028ms
[2018-10-23T23:51:48.915-0400][gc,cpu        ] GC(80) User=0.05s Sys=0.00s Real=0.01s
[2018-10-23T23:51:48.915-0400][gc,marking    ] GC(80) Concurrent Create Live Data
[2018-10-23T23:51:48.920-0400][gc,marking    ] GC(80) Concurrent Create Live Data 4.760ms
[2018-10-23T23:51:48.920-0400][gc,start      ] GC(80) Pause Cleanup
[2018-10-23T23:51:48.921-0400][gc            ] GC(80) Pause Cleanup 149M->149M(1024M) 0.717ms
[2018-10-23T23:51:48.921-0400][gc,cpu        ] GC(80) User=0.01s Sys=0.00s Real=0.00s
[2018-10-23T23:51:48.921-0400][gc,marking    ] GC(80) Concurrent Cleanup for Next Mark
[2018-10-23T23:51:48.922-0400][gc,marking    ] GC(80) Concurrent Cleanup for Next Mark 1.431ms
[2018-10-23T23:51:48.922-0400][gc            ] GC(80) Concurrent Cycle 27.416ms
[2018-10-23T23:55:31.343-0400][gc,start      ] GC(81) Pause Initial Mark (G1 Humongous Allocation)
[2018-10-23T23:55:31.343-0400][gc,task       ] GC(81) Using 8 workers of 8 for evacuation
[2018-10-23T23:55:31.351-0400][gc,phases     ] GC(81)   Pre Evacuate Collection Set: 0.1ms
[2018-10-23T23:55:31.351-0400][gc,phases     ] GC(81)   Evacuate Collection Set: 6.4ms
[2018-10-23T23:55:31.351-0400][gc,phases     ] GC(81)   Post Evacuate Collection Set: 0.7ms
[2018-10-23T23:55:31.351-0400][gc,phases     ] GC(81)   Other: 0.4ms
[2018-10-23T23:55:31.351-0400][gc,heap       ] GC(81) Eden regions: 34->0(386)
[2018-10-23T23:55:31.351-0400][gc,heap       ] GC(81) Survivor regions: 3->4(55)
[2018-10-23T23:55:31.351-0400][gc,heap       ] GC(81) Old regions: 13->13
[2018-10-23T23:55:31.351-0400][gc,heap       ] GC(81) Humongous regions: 345->131
[2018-10-23T23:55:31.351-0400][gc,metaspace  ] GC(81) Metaspace: 36522K->36522K(1083392K)
[2018-10-23T23:55:31.351-0400][gc            ] GC(81) Pause Initial Mark (G1 Humongous Allocation) 394M->147M(1024M) 7.607ms
[2018-10-23T23:55:31.351-0400][gc,cpu        ] GC(81) User=0.02s Sys=0.01s Real=0.00s
[2018-10-23T23:55:31.351-0400][gc            ] GC(82) Concurrent Cycle
[2018-10-23T23:55:31.351-0400][gc,marking    ] GC(82) Concurrent Clear Claimed Marks
[2018-10-23T23:55:31.351-0400][gc,marking    ] GC(82) Concurrent Clear Claimed Marks 0.016ms
[2018-10-23T23:55:31.351-0400][gc,marking    ] GC(82) Concurrent Scan Root Regions
[2018-10-23T23:55:31.353-0400][gc,marking    ] GC(82) Concurrent Scan Root Regions 1.656ms
[2018-10-23T23:55:31.353-0400][gc,marking    ] GC(82) Concurrent Mark (5589.327s)
[2018-10-23T23:55:31.353-0400][gc,marking    ] GC(82) Concurrent Mark From Roots
[2018-10-23T23:55:31.353-0400][gc,task       ] GC(82) Using 2 workers of 2 for marking
[2018-10-23T23:55:31.362-0400][gc,marking    ] GC(82) Concurrent Mark From Roots 9.000ms
[2018-10-23T23:55:31.362-0400][gc,marking    ] GC(82) Concurrent Mark (5589.327s, 5589.336s) 9.027ms
[2018-10-23T23:55:31.362-0400][gc,start      ] GC(82) Pause Remark
[2018-10-23T23:55:31.371-0400][gc,stringtable] GC(82) Cleaned string and symbol table, strings: 14790 processed, 1 removed, symbols: 96087 processed, 0 removed
[2018-10-23T23:55:31.371-0400][gc            ] GC(82) Pause Remark 149M->149M(1024M) 8.765ms
[2018-10-23T23:55:31.371-0400][gc,cpu        ] GC(82) User=0.03s Sys=0.00s Real=0.01s
[2018-10-23T23:55:31.371-0400][gc,marking    ] GC(82) Concurrent Create Live Data
[2018-10-23T23:55:31.373-0400][gc,marking    ] GC(82) Concurrent Create Live Data 2.528ms
[2018-10-23T23:55:31.373-0400][gc,start      ] GC(82) Pause Cleanup
[2018-10-23T23:55:31.374-0400][gc            ] GC(82) Pause Cleanup 151M->151M(1024M) 0.724ms
[2018-10-23T23:55:31.374-0400][gc,cpu        ] GC(82) User=0.00s Sys=0.00s Real=0.01s
[2018-10-23T23:55:31.374-0400][gc,marking    ] GC(82) Concurrent Cleanup for Next Mark
[2018-10-23T23:55:31.376-0400][gc,marking    ] GC(82) Concurrent Cleanup for Next Mark 1.468ms
[2018-10-23T23:55:31.376-0400][gc            ] GC(82) Concurrent Cycle 24.800ms
[2018-10-23T23:55:44.462-0400][gc,start      ] GC(83) Pause Initial Mark (G1 Humongous Allocation)
[2018-10-23T23:55:44.462-0400][gc,task       ] GC(83) Using 8 workers of 8 for evacuation
[2018-10-23T23:55:44.470-0400][gc,phases     ] GC(83)   Pre Evacuate Collection Set: 0.1ms
[2018-10-23T23:55:44.470-0400][gc,phases     ] GC(83)   Evacuate Collection Set: 6.8ms
[2018-10-23T23:55:44.470-0400][gc,phases     ] GC(83)   Post Evacuate Collection Set: 0.6ms
[2018-10-23T23:55:44.470-0400][gc,phases     ] GC(83)   Other: 0.3ms
[2018-10-23T23:55:44.470-0400][gc,heap       ] GC(83) Eden regions: 10->0(392)
[2018-10-23T23:55:44.470-0400][gc,heap       ] GC(83) Survivor regions: 4->4(49)
[2018-10-23T23:55:44.470-0400][gc,heap       ] GC(83) Old regions: 13->13
[2018-10-23T23:55:44.470-0400][gc,heap       ] GC(83) Humongous regions: 345->131
[2018-10-23T23:55:44.470-0400][gc,metaspace  ] GC(83) Metaspace: 36522K->36522K(1083392K)
[2018-10-23T23:55:44.470-0400][gc            ] GC(83) Pause Initial Mark (G1 Humongous Allocation) 371M->147M(1024M) 7.895ms
[2018-10-23T23:55:44.470-0400][gc,cpu        ] GC(83) User=0.02s Sys=0.00s Real=0.00s
[2018-10-23T23:55:44.470-0400][gc            ] GC(84) Concurrent Cycle
[2018-10-23T23:55:44.470-0400][gc,marking    ] GC(84) Concurrent Clear Claimed Marks
[2018-10-23T23:55:44.470-0400][gc,marking    ] GC(84) Concurrent Clear Claimed Marks 0.024ms
[2018-10-23T23:55:44.470-0400][gc,marking    ] GC(84) Concurrent Scan Root Regions
[2018-10-23T23:55:44.472-0400][gc,marking    ] GC(84) Concurrent Scan Root Regions 2.056ms
[2018-10-23T23:55:44.472-0400][gc,marking    ] GC(84) Concurrent Mark (5602.446s)
[2018-10-23T23:55:44.472-0400][gc,marking    ] GC(84) Concurrent Mark From Roots
[2018-10-23T23:55:44.472-0400][gc,task       ] GC(84) Using 2 workers of 2 for marking
[2018-10-23T23:55:44.482-0400][gc,marking    ] GC(84) Concurrent Mark From Roots 9.736ms
[2018-10-23T23:55:44.482-0400][gc,marking    ] GC(84) Concurrent Mark (5602.446s, 5602.456s) 9.781ms
[2018-10-23T23:55:44.482-0400][gc,start      ] GC(84) Pause Remark
[2018-10-23T23:55:44.503-0400][gc,stringtable] GC(84) Cleaned string and symbol table, strings: 14789 processed, 0 removed, symbols: 96087 processed, 0 removed
[2018-10-23T23:55:44.503-0400][gc,mmu        ] GC(84) MMU target violated: 20.9ms (20.0ms/21.0ms)
[2018-10-23T23:55:44.503-0400][gc            ] GC(84) Pause Remark 150M->150M(1024M) 20.965ms
[2018-10-23T23:55:44.503-0400][gc,cpu        ] GC(84) User=0.05s Sys=0.00s Real=0.02s
[2018-10-23T23:55:44.503-0400][gc,marking    ] GC(84) Concurrent Create Live Data
[2018-10-23T23:55:44.506-0400][gc,marking    ] GC(84) Concurrent Create Live Data 2.557ms
[2018-10-23T23:55:44.506-0400][gc,start      ] GC(84) Pause Cleanup
[2018-10-23T23:55:44.507-0400][gc            ] GC(84) Pause Cleanup 151M->151M(1024M) 0.636ms
[2018-10-23T23:55:44.507-0400][gc,cpu        ] GC(84) User=0.00s Sys=0.00s Real=0.00s
[2018-10-23T23:55:44.507-0400][gc,marking    ] GC(84) Concurrent Cleanup for Next Mark
[2018-10-23T23:55:44.508-0400][gc,marking    ] GC(84) Concurrent Cleanup for Next Mark 1.566ms
[2018-10-23T23:55:44.508-0400][gc            ] GC(84) Concurrent Cycle 38.359ms
[2018-10-23T23:56:01.943-0400][gc,start      ] GC(85) Pause Initial Mark (G1 Humongous Allocation)
[2018-10-23T23:56:01.943-0400][gc,task       ] GC(85) Using 8 workers of 8 for evacuation
[2018-10-23T23:56:01.952-0400][gc,phases     ] GC(85)   Pre Evacuate Collection Set: 0.1ms
[2018-10-23T23:56:01.952-0400][gc,phases     ] GC(85)   Evacuate Collection Set: 8.3ms
[2018-10-23T23:56:01.952-0400][gc,phases     ] GC(85)   Post Evacuate Collection Set: 0.5ms
[2018-10-23T23:56:01.952-0400][gc,phases     ] GC(85)   Other: 0.3ms
[2018-10-23T23:56:01.952-0400][gc,heap       ] GC(85) Eden regions: 12->0(381)
[2018-10-23T23:56:01.952-0400][gc,heap       ] GC(85) Survivor regions: 4->4(50)
[2018-10-23T23:56:01.952-0400][gc,heap       ] GC(85) Old regions: 13->13
[2018-10-23T23:56:01.952-0400][gc,heap       ] GC(85) Humongous regions: 345->130
[2018-10-23T23:56:01.952-0400][gc,metaspace  ] GC(85) Metaspace: 36522K->36522K(1083392K)
[2018-10-23T23:56:01.952-0400][gc            ] GC(85) Pause Initial Mark (G1 Humongous Allocation) 373M->146M(1024M) 9.201ms
[2018-10-23T23:56:01.952-0400][gc,cpu        ] GC(85) User=0.04s Sys=0.00s Real=0.00s
[2018-10-23T23:56:01.952-0400][gc            ] GC(86) Concurrent Cycle
[2018-10-23T23:56:01.952-0400][gc,marking    ] GC(86) Concurrent Clear Claimed Marks
[2018-10-23T23:56:01.952-0400][gc,marking    ] GC(86) Concurrent Clear Claimed Marks 0.012ms
[2018-10-23T23:56:01.952-0400][gc,marking    ] GC(86) Concurrent Scan Root Regions
[2018-10-23T23:56:01.954-0400][gc,marking    ] GC(86) Concurrent Scan Root Regions 1.661ms
[2018-10-23T23:56:01.954-0400][gc,marking    ] GC(86) Concurrent Mark (5619.928s)
[2018-10-23T23:56:01.954-0400][gc,marking    ] GC(86) Concurrent Mark From Roots
[2018-10-23T23:56:01.954-0400][gc,task       ] GC(86) Using 2 workers of 2 for marking
[2018-10-23T23:56:01.972-0400][gc,marking    ] GC(86) Concurrent Mark From Roots 18.199ms
[2018-10-23T23:56:01.972-0400][gc,marking    ] GC(86) Concurrent Mark (5619.928s, 5619.946s) 18.250ms
[2018-10-23T23:56:01.973-0400][gc,start      ] GC(86) Pause Remark
[2018-10-23T23:56:01.987-0400][gc,stringtable] GC(86) Cleaned string and symbol table, strings: 14789 processed, 0 removed, symbols: 96087 processed, 0 removed
[2018-10-23T23:56:01.987-0400][gc            ] GC(86) Pause Remark 149M->149M(1024M) 14.339ms
[2018-10-23T23:56:01.987-0400][gc,cpu        ] GC(86) User=0.03s Sys=0.00s Real=0.02s
[2018-10-23T23:56:01.987-0400][gc,marking    ] GC(86) Concurrent Create Live Data
[2018-10-23T23:56:01.991-0400][gc,marking    ] GC(86) Concurrent Create Live Data 3.676ms
[2018-10-23T23:56:01.991-0400][gc,start      ] GC(86) Pause Cleanup
[2018-10-23T23:56:01.992-0400][gc            ] GC(86) Pause Cleanup 150M->150M(1024M) 0.777ms
[2018-10-23T23:56:01.992-0400][gc,cpu        ] GC(86) User=0.00s Sys=0.00s Real=0.00s
[2018-10-23T23:56:01.992-0400][gc,marking    ] GC(86) Concurrent Cleanup for Next Mark
[2018-10-23T23:56:01.993-0400][gc,marking    ] GC(86) Concurrent Cleanup for Next Mark 1.404ms
[2018-10-23T23:56:01.993-0400][gc            ] GC(86) Concurrent Cycle 41.017ms
[2018-10-23T23:56:14.364-0400][gc,start      ] GC(87) Pause Initial Mark (G1 Humongous Allocation)
[2018-10-23T23:56:14.364-0400][gc,task       ] GC(87) Using 8 workers of 8 for evacuation
[2018-10-23T23:56:14.371-0400][gc,phases     ] GC(87)   Pre Evacuate Collection Set: 0.1ms
[2018-10-23T23:56:14.371-0400][gc,phases     ] GC(87)   Evacuate Collection Set: 6.4ms
[2018-10-23T23:56:14.371-0400][gc,phases     ] GC(87)   Post Evacuate Collection Set: 0.6ms
[2018-10-23T23:56:14.371-0400][gc,phases     ] GC(87)   Other: 0.3ms
[2018-10-23T23:56:14.371-0400][gc,heap       ] GC(87) Eden regions: 11->0(367)
[2018-10-23T23:56:14.371-0400][gc,heap       ] GC(87) Survivor regions: 4->4(49)
[2018-10-23T23:56:14.371-0400][gc,heap       ] GC(87) Old regions: 13->13
[2018-10-23T23:56:14.371-0400][gc,heap       ] GC(87) Humongous regions: 345->131
[2018-10-23T23:56:14.371-0400][gc,metaspace  ] GC(87) Metaspace: 36522K->36522K(1083392K)
[2018-10-23T23:56:14.371-0400][gc            ] GC(87) Pause Initial Mark (G1 Humongous Allocation) 371M->147M(1024M) 7.485ms
[2018-10-23T23:56:14.371-0400][gc,cpu        ] GC(87) User=0.03s Sys=0.00s Real=0.00s
[2018-10-23T23:56:14.371-0400][gc            ] GC(88) Concurrent Cycle
[2018-10-23T23:56:14.371-0400][gc,marking    ] GC(88) Concurrent Clear Claimed Marks
[2018-10-23T23:56:14.371-0400][gc,marking    ] GC(88) Concurrent Clear Claimed Marks 0.012ms
[2018-10-23T23:56:14.371-0400][gc,marking    ] GC(88) Concurrent Scan Root Regions
[2018-10-23T23:56:14.373-0400][gc,marking    ] GC(88) Concurrent Scan Root Regions 1.666ms
[2018-10-23T23:56:14.373-0400][gc,marking    ] GC(88) Concurrent Mark (5632.347s)
[2018-10-23T23:56:14.373-0400][gc,marking    ] GC(88) Concurrent Mark From Roots
[2018-10-23T23:56:14.373-0400][gc,task       ] GC(88) Using 2 workers of 2 for marking
[2018-10-23T23:56:14.381-0400][gc,marking    ] GC(88) Concurrent Mark From Roots 8.562ms
[2018-10-23T23:56:14.381-0400][gc,marking    ] GC(88) Concurrent Mark (5632.347s, 5632.356s) 8.599ms
[2018-10-23T23:56:14.382-0400][gc,start      ] GC(88) Pause Remark
[2018-10-23T23:56:14.390-0400][gc,stringtable] GC(88) Cleaned string and symbol table, strings: 14789 processed, 0 removed, symbols: 96087 processed, 0 removed
[2018-10-23T23:56:14.390-0400][gc            ] GC(88) Pause Remark 149M->149M(1024M) 8.506ms
[2018-10-23T23:56:14.390-0400][gc,cpu        ] GC(88) User=0.04s Sys=0.00s Real=0.01s
[2018-10-23T23:56:14.390-0400][gc,marking    ] GC(88) Concurrent Create Live Data
[2018-10-23T23:56:14.393-0400][gc,marking    ] GC(88) Concurrent Create Live Data 2.576ms
[2018-10-23T23:56:14.393-0400][gc,start      ] GC(88) Pause Cleanup
[2018-10-23T23:56:14.394-0400][gc            ] GC(88) Pause Cleanup 150M->150M(1024M) 0.921ms
[2018-10-23T23:56:14.394-0400][gc,cpu        ] GC(88) User=0.01s Sys=0.00s Real=0.01s
[2018-10-23T23:56:14.396-0400][gc,marking    ] GC(88) Concurrent Cleanup for Next Mark
[2018-10-23T23:56:14.398-0400][gc,marking    ] GC(88) Concurrent Cleanup for Next Mark 1.661ms
[2018-10-23T23:56:14.398-0400][gc            ] GC(88) Concurrent Cycle 26.582ms
[2018-10-23T23:59:38.558-0400][gc,start      ] GC(89) Pause Initial Mark (G1 Humongous Allocation)
[2018-10-23T23:59:38.558-0400][gc,task       ] GC(89) Using 8 workers of 8 for evacuation
[2018-10-23T23:59:38.566-0400][gc,phases     ] GC(89)   Pre Evacuate Collection Set: 0.1ms
[2018-10-23T23:59:38.566-0400][gc,phases     ] GC(89)   Evacuate Collection Set: 6.9ms
[2018-10-23T23:59:38.566-0400][gc,phases     ] GC(89)   Post Evacuate Collection Set: 0.5ms
[2018-10-23T23:59:38.566-0400][gc,phases     ] GC(89)   Other: 0.3ms
[2018-10-23T23:59:38.566-0400][gc,heap       ] GC(89) Eden regions: 18->0(353)
[2018-10-23T23:59:38.566-0400][gc,heap       ] GC(89) Survivor regions: 4->5(47)
[2018-10-23T23:59:38.566-0400][gc,heap       ] GC(89) Old regions: 13->14
[2018-10-23T23:59:38.566-0400][gc,heap       ] GC(89) Humongous regions: 345->130
[2018-10-23T23:59:38.566-0400][gc,metaspace  ] GC(89) Metaspace: 36534K->36534K(1083392K)
[2018-10-23T23:59:38.566-0400][gc            ] GC(89) Pause Initial Mark (G1 Humongous Allocation) 379M->147M(1024M) 7.920ms
[2018-10-23T23:59:38.566-0400][gc,cpu        ] GC(89) User=0.02s Sys=0.00s Real=0.01s
[2018-10-23T23:59:38.566-0400][gc            ] GC(90) Concurrent Cycle
[2018-10-23T23:59:38.566-0400][gc,marking    ] GC(90) Concurrent Clear Claimed Marks
[2018-10-23T23:59:38.566-0400][gc,marking    ] GC(90) Concurrent Clear Claimed Marks 0.013ms
[2018-10-23T23:59:38.566-0400][gc,marking    ] GC(90) Concurrent Scan Root Regions
[2018-10-23T23:59:38.568-0400][gc,marking    ] GC(90) Concurrent Scan Root Regions 2.420ms
[2018-10-23T23:59:38.568-0400][gc,marking    ] GC(90) Concurrent Mark (5836.542s)
[2018-10-23T23:59:38.568-0400][gc,marking    ] GC(90) Concurrent Mark From Roots
[2018-10-23T23:59:38.568-0400][gc,task       ] GC(90) Using 2 workers of 2 for marking
[2018-10-23T23:59:38.578-0400][gc,marking    ] GC(90) Concurrent Mark From Roots 9.478ms
[2018-10-23T23:59:38.578-0400][gc,marking    ] GC(90) Concurrent Mark (5836.542s, 5836.552s) 9.533ms
[2018-10-23T23:59:38.578-0400][gc,start      ] GC(90) Pause Remark
[2018-10-23T23:59:38.586-0400][gc,stringtable] GC(90) Cleaned string and symbol table, strings: 14792 processed, 0 removed, symbols: 96087 processed, 0 removed
[2018-10-23T23:59:38.586-0400][gc            ] GC(90) Pause Remark 150M->150M(1024M) 7.662ms
[2018-10-23T23:59:38.586-0400][gc,cpu        ] GC(90) User=0.04s Sys=0.00s Real=0.01s
[2018-10-23T23:59:38.586-0400][gc,marking    ] GC(90) Concurrent Create Live Data
[2018-10-23T23:59:38.588-0400][gc,marking    ] GC(90) Concurrent Create Live Data 2.524ms
[2018-10-23T23:59:38.589-0400][gc,start      ] GC(90) Pause Cleanup
[2018-10-23T23:59:38.590-0400][gc            ] GC(90) Pause Cleanup 152M->152M(1024M) 0.782ms
[2018-10-23T23:59:38.590-0400][gc,cpu        ] GC(90) User=0.00s Sys=0.00s Real=0.00s
[2018-10-23T23:59:38.590-0400][gc,marking    ] GC(90) Concurrent Cleanup for Next Mark
[2018-10-23T23:59:38.591-0400][gc,marking    ] GC(90) Concurrent Cleanup for Next Mark 1.531ms
[2018-10-23T23:59:38.591-0400][gc            ] GC(90) Concurrent Cycle 25.273ms
[2018-10-23T23:59:51.220-0400][gc,start      ] GC(91) Pause Initial Mark (G1 Humongous Allocation)
[2018-10-23T23:59:51.220-0400][gc,task       ] GC(91) Using 8 workers of 8 for evacuation
[2018-10-23T23:59:51.227-0400][gc,phases     ] GC(91)   Pre Evacuate Collection Set: 0.1ms
[2018-10-23T23:59:51.227-0400][gc,phases     ] GC(91)   Evacuate Collection Set: 5.4ms
[2018-10-23T23:59:51.227-0400][gc,phases     ] GC(91)   Post Evacuate Collection Set: 0.6ms
[2018-10-23T23:59:51.227-0400][gc,phases     ] GC(91)   Other: 0.3ms
[2018-10-23T23:59:51.227-0400][gc,heap       ] GC(91) Eden regions: 11->0(388)
[2018-10-23T23:59:51.227-0400][gc,heap       ] GC(91) Survivor regions: 5->5(45)
[2018-10-23T23:59:51.227-0400][gc,heap       ] GC(91) Old regions: 14->14
[2018-10-23T23:59:51.227-0400][gc,heap       ] GC(91) Humongous regions: 344->130
[2018-10-23T23:59:51.227-0400][gc,metaspace  ] GC(91) Metaspace: 36534K->36534K(1083392K)
[2018-10-23T23:59:51.227-0400][gc            ] GC(91) Pause Initial Mark (G1 Humongous Allocation) 372M->147M(1024M) 6.425ms
[2018-10-23T23:59:51.227-0400][gc,cpu        ] GC(91) User=0.02s Sys=0.00s Real=0.01s
[2018-10-23T23:59:51.227-0400][gc            ] GC(92) Concurrent Cycle
[2018-10-23T23:59:51.227-0400][gc,marking    ] GC(92) Concurrent Clear Claimed Marks
[2018-10-23T23:59:51.227-0400][gc,marking    ] GC(92) Concurrent Clear Claimed Marks 0.013ms
[2018-10-23T23:59:51.227-0400][gc,marking    ] GC(92) Concurrent Scan Root Regions
[2018-10-23T23:59:51.229-0400][gc,marking    ] GC(92) Concurrent Scan Root Regions 1.988ms
[2018-10-23T23:59:51.229-0400][gc,marking    ] GC(92) Concurrent Mark (5849.203s)
[2018-10-23T23:59:51.229-0400][gc,marking    ] GC(92) Concurrent Mark From Roots
[2018-10-23T23:59:51.229-0400][gc,task       ] GC(92) Using 2 workers of 2 for marking
[2018-10-23T23:59:51.238-0400][gc,marking    ] GC(92) Concurrent Mark From Roots 9.302ms
[2018-10-23T23:59:51.238-0400][gc,marking    ] GC(92) Concurrent Mark (5849.203s, 5849.212s) 9.338ms
[2018-10-23T23:59:51.239-0400][gc,start      ] GC(92) Pause Remark
[2018-10-23T23:59:51.247-0400][gc,stringtable] GC(92) Cleaned string and symbol table, strings: 14797 processed, 0 removed, symbols: 96087 processed, 0 removed
[2018-10-23T23:59:51.247-0400][gc            ] GC(92) Pause Remark 150M->150M(1024M) 8.409ms
[2018-10-23T23:59:51.247-0400][gc,cpu        ] GC(92) User=0.03s Sys=0.00s Real=0.01s
[2018-10-23T23:59:51.247-0400][gc,marking    ] GC(92) Concurrent Create Live Data
[2018-10-23T23:59:51.250-0400][gc,marking    ] GC(92) Concurrent Create Live Data 2.680ms
[2018-10-23T23:59:51.250-0400][gc,start      ] GC(92) Pause Cleanup
[2018-10-23T23:59:51.251-0400][gc            ] GC(92) Pause Cleanup 150M->150M(1024M) 0.872ms
[2018-10-23T23:59:51.251-0400][gc,cpu        ] GC(92) User=0.01s Sys=0.00s Real=0.00s
[2018-10-23T23:59:51.251-0400][gc,marking    ] GC(92) Concurrent Cleanup for Next Mark
[2018-10-23T23:59:51.253-0400][gc,marking    ] GC(92) Concurrent Cleanup for Next Mark 1.580ms
[2018-10-23T23:59:51.253-0400][gc            ] GC(92) Concurrent Cycle 25.808ms
[2018-10-24T00:02:14.921-0400][gc,start      ] GC(93) Pause Initial Mark (G1 Humongous Allocation)
[2018-10-24T00:02:14.921-0400][gc,task       ] GC(93) Using 8 workers of 8 for evacuation
[2018-10-24T00:02:14.928-0400][gc,phases     ] GC(93)   Pre Evacuate Collection Set: 0.1ms
[2018-10-24T00:02:14.928-0400][gc,phases     ] GC(93)   Evacuate Collection Set: 6.0ms
[2018-10-24T00:02:14.928-0400][gc,phases     ] GC(93)   Post Evacuate Collection Set: 0.5ms
[2018-10-24T00:02:14.928-0400][gc,phases     ] GC(93)   Other: 0.4ms
[2018-10-24T00:02:14.928-0400][gc,heap       ] GC(93) Eden regions: 18->0(420)
[2018-10-24T00:02:14.928-0400][gc,heap       ] GC(93) Survivor regions: 5->5(50)
[2018-10-24T00:02:14.928-0400][gc,heap       ] GC(93) Old regions: 14->14
[2018-10-24T00:02:14.928-0400][gc,heap       ] GC(93) Humongous regions: 344->131
[2018-10-24T00:02:14.928-0400][gc,metaspace  ] GC(93) Metaspace: 36536K->36536K(1083392K)
[2018-10-24T00:02:14.928-0400][gc            ] GC(93) Pause Initial Mark (G1 Humongous Allocation) 379M->149M(1024M) 7.069ms
[2018-10-24T00:02:14.928-0400][gc,cpu        ] GC(93) User=0.03s Sys=0.00s Real=0.01s
[2018-10-24T00:02:14.928-0400][gc            ] GC(94) Concurrent Cycle
[2018-10-24T00:02:14.928-0400][gc,marking    ] GC(94) Concurrent Clear Claimed Marks
[2018-10-24T00:02:14.928-0400][gc,marking    ] GC(94) Concurrent Clear Claimed Marks 0.023ms
[2018-10-24T00:02:14.928-0400][gc,marking    ] GC(94) Concurrent Scan Root Regions
[2018-10-24T00:02:14.930-0400][gc,marking    ] GC(94) Concurrent Scan Root Regions 2.010ms
[2018-10-24T00:02:14.930-0400][gc,marking    ] GC(94) Concurrent Mark (5992.904s)
[2018-10-24T00:02:14.930-0400][gc,marking    ] GC(94) Concurrent Mark From Roots
[2018-10-24T00:02:14.930-0400][gc,task       ] GC(94) Using 2 workers of 2 for marking
[2018-10-24T00:02:14.940-0400][gc,marking    ] GC(94) Concurrent Mark From Roots 9.761ms
[2018-10-24T00:02:14.940-0400][gc,marking    ] GC(94) Concurrent Mark (5992.904s, 5992.914s) 9.790ms
[2018-10-24T00:02:14.940-0400][gc,start      ] GC(94) Pause Remark
[2018-10-24T00:02:14.954-0400][gc,stringtable] GC(94) Cleaned string and symbol table, strings: 14803 processed, 0 removed, symbols: 96087 processed, 0 removed
[2018-10-24T00:02:14.954-0400][gc            ] GC(94) Pause Remark 151M->151M(1024M) 14.181ms
[2018-10-24T00:02:14.954-0400][gc,cpu        ] GC(94) User=0.06s Sys=0.00s Real=0.02s
[2018-10-24T00:02:14.954-0400][gc,marking    ] GC(94) Concurrent Create Live Data
[2018-10-24T00:02:14.957-0400][gc,marking    ] GC(94) Concurrent Create Live Data 2.456ms
[2018-10-24T00:02:14.957-0400][gc,start      ] GC(94) Pause Cleanup
[2018-10-24T00:02:14.958-0400][gc            ] GC(94) Pause Cleanup 151M->151M(1024M) 0.717ms
[2018-10-24T00:02:14.958-0400][gc,cpu        ] GC(94) User=0.00s Sys=0.00s Real=0.00s
[2018-10-24T00:02:14.958-0400][gc,marking    ] GC(94) Concurrent Cleanup for Next Mark
[2018-10-24T00:02:14.959-0400][gc,marking    ] GC(94) Concurrent Cleanup for Next Mark 1.419ms
[2018-10-24T00:02:14.959-0400][gc            ] GC(94) Concurrent Cycle 31.357ms
[2018-10-24T00:02:28.027-0400][gc,start      ] GC(95) Pause Initial Mark (G1 Humongous Allocation)
[2018-10-24T00:02:28.027-0400][gc,task       ] GC(95) Using 8 workers of 8 for evacuation
[2018-10-24T00:02:28.035-0400][gc,phases     ] GC(95)   Pre Evacuate Collection Set: 0.1ms
[2018-10-24T00:02:28.035-0400][gc,phases     ] GC(95)   Evacuate Collection Set: 7.3ms
[2018-10-24T00:02:28.035-0400][gc,phases     ] GC(95)   Post Evacuate Collection Set: 0.6ms
[2018-10-24T00:02:28.035-0400][gc,phases     ] GC(95)   Other: 0.3ms
[2018-10-24T00:02:28.035-0400][gc,heap       ] GC(95) Eden regions: 11->0(418)
[2018-10-24T00:02:28.035-0400][gc,heap       ] GC(95) Survivor regions: 5->5(54)
[2018-10-24T00:02:28.035-0400][gc,heap       ] GC(95) Old regions: 14->14
[2018-10-24T00:02:28.035-0400][gc,heap       ] GC(95) Humongous regions: 344->130
[2018-10-24T00:02:28.035-0400][gc,metaspace  ] GC(95) Metaspace: 36536K->36536K(1083392K)
[2018-10-24T00:02:28.036-0400][gc            ] GC(95) Pause Initial Mark (G1 Humongous Allocation) 372M->148M(1024M) 8.331ms
[2018-10-24T00:02:28.036-0400][gc,cpu        ] GC(95) User=0.03s Sys=0.00s Real=0.01s
[2018-10-24T00:02:28.036-0400][gc            ] GC(96) Concurrent Cycle
[2018-10-24T00:02:28.036-0400][gc,marking    ] GC(96) Concurrent Clear Claimed Marks
[2018-10-24T00:02:28.036-0400][gc,marking    ] GC(96) Concurrent Clear Claimed Marks 0.012ms
[2018-10-24T00:02:28.036-0400][gc,marking    ] GC(96) Concurrent Scan Root Regions
[2018-10-24T00:02:28.038-0400][gc,marking    ] GC(96) Concurrent Scan Root Regions 2.036ms
[2018-10-24T00:02:28.038-0400][gc,marking    ] GC(96) Concurrent Mark (6006.012s)
[2018-10-24T00:02:28.038-0400][gc,marking    ] GC(96) Concurrent Mark From Roots
[2018-10-24T00:02:28.038-0400][gc,task       ] GC(96) Using 2 workers of 2 for marking
[2018-10-24T00:02:28.049-0400][gc,marking    ] GC(96) Concurrent Mark From Roots 11.492ms
[2018-10-24T00:02:28.049-0400][gc,marking    ] GC(96) Concurrent Mark (6006.012s, 6006.023s) 11.544ms
[2018-10-24T00:02:28.049-0400][gc,start      ] GC(96) Pause Remark
[2018-10-24T00:02:28.057-0400][gc,stringtable] GC(96) Cleaned string and symbol table, strings: 14803 processed, 0 removed, symbols: 96087 processed, 0 removed
[2018-10-24T00:02:28.057-0400][gc            ] GC(96) Pause Remark 152M->152M(1024M) 7.267ms
[2018-10-24T00:02:28.057-0400][gc,cpu        ] GC(96) User=0.04s Sys=0.00s Real=0.01s
[2018-10-24T00:02:28.057-0400][gc,marking    ] GC(96) Concurrent Create Live Data
[2018-10-24T00:02:28.060-0400][gc,marking    ] GC(96) Concurrent Create Live Data 3.320ms
[2018-10-24T00:02:28.060-0400][gc,start      ] GC(96) Pause Cleanup
[2018-10-24T00:02:28.061-0400][gc            ] GC(96) Pause Cleanup 152M->152M(1024M) 0.676ms
[2018-10-24T00:02:28.061-0400][gc,cpu        ] GC(96) User=0.01s Sys=0.00s Real=0.00s
[2018-10-24T00:02:28.061-0400][gc,marking    ] GC(96) Concurrent Cleanup for Next Mark
[2018-10-24T00:02:28.063-0400][gc,marking    ] GC(96) Concurrent Cleanup for Next Mark 1.597ms
[2018-10-24T00:02:28.063-0400][gc            ] GC(96) Concurrent Cycle 27.221ms
[2018-10-24T00:04:41.470-0400][gc,start      ] GC(97) Pause Initial Mark (G1 Humongous Allocation)
[2018-10-24T00:04:41.470-0400][gc,task       ] GC(97) Using 8 workers of 8 for evacuation
[2018-10-24T00:04:41.477-0400][gc,phases     ] GC(97)   Pre Evacuate Collection Set: 0.1ms
[2018-10-24T00:04:41.477-0400][gc,phases     ] GC(97)   Evacuate Collection Set: 5.8ms
[2018-10-24T00:04:41.477-0400][gc,phases     ] GC(97)   Post Evacuate Collection Set: 0.7ms
[2018-10-24T00:04:41.477-0400][gc,phases     ] GC(97)   Other: 0.4ms
[2018-10-24T00:04:41.477-0400][gc,heap       ] GC(97) Eden regions: 18->0(347)
[2018-10-24T00:04:41.477-0400][gc,heap       ] GC(97) Survivor regions: 5->5(53)
[2018-10-24T00:04:41.477-0400][gc,heap       ] GC(97) Old regions: 14->14
[2018-10-24T00:04:41.477-0400][gc,heap       ] GC(97) Humongous regions: 344->130
[2018-10-24T00:04:41.477-0400][gc,metaspace  ] GC(97) Metaspace: 36537K->36537K(1083392K)
[2018-10-24T00:04:41.477-0400][gc            ] GC(97) Pause Initial Mark (G1 Humongous Allocation) 379M->148M(1024M) 7.024ms
[2018-10-24T00:04:41.477-0400][gc,cpu        ] GC(97) User=0.03s Sys=0.00s Real=0.01s
[2018-10-24T00:04:41.477-0400][gc            ] GC(98) Concurrent Cycle
[2018-10-24T00:04:41.477-0400][gc,marking    ] GC(98) Concurrent Clear Claimed Marks
[2018-10-24T00:04:41.477-0400][gc,marking    ] GC(98) Concurrent Clear Claimed Marks 0.013ms
[2018-10-24T00:04:41.477-0400][gc,marking    ] GC(98) Concurrent Scan Root Regions
[2018-10-24T00:04:41.479-0400][gc,marking    ] GC(98) Concurrent Scan Root Regions 2.160ms
[2018-10-24T00:04:41.479-0400][gc,marking    ] GC(98) Concurrent Mark (6139.453s)
[2018-10-24T00:04:41.479-0400][gc,marking    ] GC(98) Concurrent Mark From Roots
[2018-10-24T00:04:41.479-0400][gc,task       ] GC(98) Using 2 workers of 2 for marking
[2018-10-24T00:04:41.489-0400][gc,marking    ] GC(98) Concurrent Mark From Roots 9.573ms
[2018-10-24T00:04:41.489-0400][gc,marking    ] GC(98) Concurrent Mark (6139.453s, 6139.463s) 9.595ms
[2018-10-24T00:04:41.489-0400][gc,start      ] GC(98) Pause Remark
[2018-10-24T00:04:41.497-0400][gc,stringtable] GC(98) Cleaned string and symbol table, strings: 14803 processed, 0 removed, symbols: 96087 processed, 0 removed
[2018-10-24T00:04:41.497-0400][gc            ] GC(98) Pause Remark 151M->151M(1024M) 8.139ms
[2018-10-24T00:04:41.497-0400][gc,cpu        ] GC(98) User=0.03s Sys=0.00s Real=0.01s
[2018-10-24T00:04:41.498-0400][gc,marking    ] GC(98) Concurrent Create Live Data
[2018-10-24T00:04:41.500-0400][gc,marking    ] GC(98) Concurrent Create Live Data 2.687ms
[2018-10-24T00:04:41.501-0400][gc,start      ] GC(98) Pause Cleanup
[2018-10-24T00:04:41.501-0400][gc            ] GC(98) Pause Cleanup 151M->151M(1024M) 0.739ms
[2018-10-24T00:04:41.501-0400][gc,cpu        ] GC(98) User=0.00s Sys=0.00s Real=0.00s
[2018-10-24T00:04:41.501-0400][gc,marking    ] GC(98) Concurrent Cleanup for Next Mark
[2018-10-24T00:04:41.503-0400][gc,marking    ] GC(98) Concurrent Cleanup for Next Mark 1.473ms
[2018-10-24T00:04:41.503-0400][gc            ] GC(98) Concurrent Cycle 25.647ms
[2018-10-24T00:04:54.259-0400][gc,start      ] GC(99) Pause Initial Mark (G1 Humongous Allocation)
[2018-10-24T00:04:54.259-0400][gc,task       ] GC(99) Using 8 workers of 8 for evacuation
[2018-10-24T00:04:54.270-0400][gc,phases     ] GC(99)   Pre Evacuate Collection Set: 0.1ms
[2018-10-24T00:04:54.270-0400][gc,phases     ] GC(99)   Evacuate Collection Set: 10.3ms
[2018-10-24T00:04:54.270-0400][gc,phases     ] GC(99)   Post Evacuate Collection Set: 0.6ms
[2018-10-24T00:04:54.270-0400][gc,phases     ] GC(99)   Other: 0.3ms
[2018-10-24T00:04:54.270-0400][gc,heap       ] GC(99) Eden regions: 9->0(339)
[2018-10-24T00:04:54.270-0400][gc,heap       ] GC(99) Survivor regions: 5->6(44)
[2018-10-24T00:04:54.270-0400][gc,heap       ] GC(99) Old regions: 14->14
[2018-10-24T00:04:54.270-0400][gc,heap       ] GC(99) Humongous regions: 344->130
[2018-10-24T00:04:54.270-0400][gc,metaspace  ] GC(99) Metaspace: 36537K->36537K(1083392K)
[2018-10-24T00:04:54.270-0400][gc            ] GC(99) Pause Initial Mark (G1 Humongous Allocation) 371M->149M(1024M) 11.349ms
[2018-10-24T00:04:54.270-0400][gc,cpu        ] GC(99) User=0.02s Sys=0.01s Real=0.01s
[2018-10-24T00:04:54.271-0400][gc            ] GC(100) Concurrent Cycle
[2018-10-24T00:04:54.271-0400][gc,marking    ] GC(100) Concurrent Clear Claimed Marks
[2018-10-24T00:04:54.271-0400][gc,marking    ] GC(100) Concurrent Clear Claimed Marks 0.031ms
[2018-10-24T00:04:54.271-0400][gc,marking    ] GC(100) Concurrent Scan Root Regions
[2018-10-24T00:04:54.273-0400][gc,marking    ] GC(100) Concurrent Scan Root Regions 2.220ms
[2018-10-24T00:04:54.273-0400][gc,marking    ] GC(100) Concurrent Mark (6152.247s)
[2018-10-24T00:04:54.273-0400][gc,marking    ] GC(100) Concurrent Mark From Roots
[2018-10-24T00:04:54.273-0400][gc,task       ] GC(100) Using 2 workers of 2 for marking
[2018-10-24T00:04:54.284-0400][gc,marking    ] GC(100) Concurrent Mark From Roots 10.959ms
[2018-10-24T00:04:54.284-0400][gc,marking    ] GC(100) Concurrent Mark (6152.247s, 6152.258s) 11.011ms
[2018-10-24T00:04:54.284-0400][gc,start      ] GC(100) Pause Remark
[2018-10-24T00:04:54.296-0400][gc,stringtable] GC(100) Cleaned string and symbol table, strings: 14803 processed, 0 removed, symbols: 96087 processed, 0 removed
[2018-10-24T00:04:54.296-0400][gc            ] GC(100) Pause Remark 154M->154M(1024M) 11.728ms
[2018-10-24T00:04:54.296-0400][gc,cpu        ] GC(100) User=0.05s Sys=0.00s Real=0.01s
[2018-10-24T00:04:54.296-0400][gc,marking    ] GC(100) Concurrent Create Live Data
[2018-10-24T00:04:54.299-0400][gc,marking    ] GC(100) Concurrent Create Live Data 2.737ms
[2018-10-24T00:04:54.299-0400][gc,start      ] GC(100) Pause Cleanup
[2018-10-24T00:04:54.300-0400][gc            ] GC(100) Pause Cleanup 154M->154M(1024M) 0.714ms
[2018-10-24T00:04:54.300-0400][gc,cpu        ] GC(100) User=0.00s Sys=0.00s Real=0.00s
[2018-10-24T00:04:54.300-0400][gc,marking    ] GC(100) Concurrent Cleanup for Next Mark
[2018-10-24T00:04:54.301-0400][gc,marking    ] GC(100) Concurrent Cleanup for Next Mark 1.445ms
[2018-10-24T00:04:54.301-0400][gc            ] GC(100) Concurrent Cycle 30.723ms
[2018-10-24T00:06:16.891-0400][gc,start      ] GC(101) Pause Initial Mark (G1 Humongous Allocation)
[2018-10-24T00:06:16.891-0400][gc,task       ] GC(101) Using 8 workers of 8 for evacuation
[2018-10-24T00:06:16.901-0400][gc,phases     ] GC(101)   Pre Evacuate Collection Set: 0.1ms
[2018-10-24T00:06:16.901-0400][gc,phases     ] GC(101)   Evacuate Collection Set: 8.3ms
[2018-10-24T00:06:16.901-0400][gc,phases     ] GC(101)   Post Evacuate Collection Set: 0.6ms
[2018-10-24T00:06:16.901-0400][gc,phases     ] GC(101)   Other: 0.4ms
[2018-10-24T00:06:16.901-0400][gc,heap       ] GC(101) Eden regions: 14->0(377)
[2018-10-24T00:06:16.901-0400][gc,heap       ] GC(101) Survivor regions: 6->6(44)
[2018-10-24T00:06:16.901-0400][gc,heap       ] GC(101) Old regions: 14->14
[2018-10-24T00:06:16.901-0400][gc,heap       ] GC(101) Humongous regions: 344->130
[2018-10-24T00:06:16.901-0400][gc,metaspace  ] GC(101) Metaspace: 36538K->36538K(1083392K)
[2018-10-24T00:06:16.901-0400][gc            ] GC(101) Pause Initial Mark (G1 Humongous Allocation) 377M->149M(1024M) 9.414ms
[2018-10-24T00:06:16.901-0400][gc,cpu        ] GC(101) User=0.03s Sys=0.00s Real=0.01s
[2018-10-24T00:06:16.901-0400][gc            ] GC(102) Concurrent Cycle
[2018-10-24T00:06:16.901-0400][gc,marking    ] GC(102) Concurrent Clear Claimed Marks
[2018-10-24T00:06:16.901-0400][gc,marking    ] GC(102) Concurrent Clear Claimed Marks 0.029ms
[2018-10-24T00:06:16.901-0400][gc,marking    ] GC(102) Concurrent Scan Root Regions
[2018-10-24T00:06:16.904-0400][gc,marking    ] GC(102) Concurrent Scan Root Regions 2.990ms
[2018-10-24T00:06:16.904-0400][gc,marking    ] GC(102) Concurrent Mark (6234.878s)
[2018-10-24T00:06:16.904-0400][gc,marking    ] GC(102) Concurrent Mark From Roots
[2018-10-24T00:06:16.904-0400][gc,task       ] GC(102) Using 2 workers of 2 for marking
[2018-10-24T00:06:16.918-0400][gc,marking    ] GC(102) Concurrent Mark From Roots 14.334ms
[2018-10-24T00:06:16.918-0400][gc,marking    ] GC(102) Concurrent Mark (6234.878s, 6234.892s) 14.388ms
[2018-10-24T00:06:16.919-0400][gc,start      ] GC(102) Pause Remark
[2018-10-24T00:06:16.928-0400][gc,stringtable] GC(102) Cleaned string and symbol table, strings: 14803 processed, 0 removed, symbols: 96087 processed, 0 removed
[2018-10-24T00:06:16.928-0400][gc            ] GC(102) Pause Remark 152M->152M(1024M) 9.501ms
[2018-10-24T00:06:16.928-0400][gc,cpu        ] GC(102) User=0.04s Sys=0.00s Real=0.01s
[2018-10-24T00:06:16.928-0400][gc,marking    ] GC(102) Concurrent Create Live Data
[2018-10-24T00:06:16.931-0400][gc,marking    ] GC(102) Concurrent Create Live Data 2.690ms
[2018-10-24T00:06:16.931-0400][gc,start      ] GC(102) Pause Cleanup
[2018-10-24T00:06:16.932-0400][gc            ] GC(102) Pause Cleanup 153M->153M(1024M) 0.597ms
[2018-10-24T00:06:16.932-0400][gc,cpu        ] GC(102) User=0.00s Sys=0.00s Real=0.00s
[2018-10-24T00:06:16.932-0400][gc,marking    ] GC(102) Concurrent Cleanup for Next Mark
[2018-10-24T00:06:16.933-0400][gc,marking    ] GC(102) Concurrent Cleanup for Next Mark 1.355ms
[2018-10-24T00:06:16.933-0400][gc            ] GC(102) Concurrent Cycle 32.205ms
[2018-10-24T00:06:28.919-0400][gc,start      ] GC(103) Pause Initial Mark (G1 Humongous Allocation)
[2018-10-24T00:06:28.919-0400][gc,task       ] GC(103) Using 8 workers of 8 for evacuation
[2018-10-24T00:06:28.930-0400][gc,phases     ] GC(103)   Pre Evacuate Collection Set: 0.1ms
[2018-10-24T00:06:28.930-0400][gc,phases     ] GC(103)   Evacuate Collection Set: 10.5ms
[2018-10-24T00:06:28.930-0400][gc,phases     ] GC(103)   Post Evacuate Collection Set: 0.6ms
[2018-10-24T00:06:28.930-0400][gc,phases     ] GC(103)   Other: 0.4ms
[2018-10-24T00:06:28.930-0400][gc,heap       ] GC(103) Eden regions: 10->0(383)
[2018-10-24T00:06:28.930-0400][gc,heap       ] GC(103) Survivor regions: 6->6(48)
[2018-10-24T00:06:28.930-0400][gc,heap       ] GC(103) Old regions: 14->15
[2018-10-24T00:06:28.930-0400][gc,heap       ] GC(103) Humongous regions: 344->130
[2018-10-24T00:06:28.930-0400][gc,metaspace  ] GC(103) Metaspace: 36538K->36538K(1083392K)
[2018-10-24T00:06:28.930-0400][gc            ] GC(103) Pause Initial Mark (G1 Humongous Allocation) 373M->149M(1024M) 11.576ms
[2018-10-24T00:06:28.930-0400][gc,cpu        ] GC(103) User=0.05s Sys=0.00s Real=0.01s
[2018-10-24T00:06:28.930-0400][gc            ] GC(104) Concurrent Cycle
[2018-10-24T00:06:28.931-0400][gc,marking    ] GC(104) Concurrent Clear Claimed Marks
[2018-10-24T00:06:28.931-0400][gc,marking    ] GC(104) Concurrent Clear Claimed Marks 0.012ms
[2018-10-24T00:06:28.931-0400][gc,marking    ] GC(104) Concurrent Scan Root Regions
[2018-10-24T00:06:28.933-0400][gc,marking    ] GC(104) Concurrent Scan Root Regions 2.521ms
[2018-10-24T00:06:28.933-0400][gc,marking    ] GC(104) Concurrent Mark (6246.907s)
[2018-10-24T00:06:28.933-0400][gc,marking    ] GC(104) Concurrent Mark From Roots
[2018-10-24T00:06:28.933-0400][gc,task       ] GC(104) Using 2 workers of 2 for marking
[2018-10-24T00:06:28.943-0400][gc,marking    ] GC(104) Concurrent Mark From Roots 9.437ms
[2018-10-24T00:06:28.943-0400][gc,marking    ] GC(104) Concurrent Mark (6246.907s, 6246.917s) 9.478ms
[2018-10-24T00:06:28.943-0400][gc,start      ] GC(104) Pause Remark
[2018-10-24T00:06:28.951-0400][gc,stringtable] GC(104) Cleaned string and symbol table, strings: 14810 processed, 0 removed, symbols: 96087 processed, 0 removed
[2018-10-24T00:06:28.951-0400][gc            ] GC(104) Pause Remark 152M->152M(1024M) 8.275ms
[2018-10-24T00:06:28.951-0400][gc,cpu        ] GC(104) User=0.03s Sys=0.00s Real=0.00s
[2018-10-24T00:06:28.951-0400][gc,marking    ] GC(104) Concurrent Create Live Data
[2018-10-24T00:06:28.954-0400][gc,marking    ] GC(104) Concurrent Create Live Data 2.736ms
[2018-10-24T00:06:28.954-0400][gc,start      ] GC(104) Pause Cleanup
[2018-10-24T00:06:28.955-0400][gc            ] GC(104) Pause Cleanup 152M->152M(1024M) 0.582ms
[2018-10-24T00:06:28.955-0400][gc,cpu        ] GC(104) User=0.00s Sys=0.00s Real=0.00s
[2018-10-24T00:06:28.955-0400][gc,marking    ] GC(104) Concurrent Cleanup for Next Mark
[2018-10-24T00:06:28.956-0400][gc,marking    ] GC(104) Concurrent Cleanup for Next Mark 1.519ms
[2018-10-24T00:06:28.957-0400][gc            ] GC(104) Concurrent Cycle 26.051ms
[2018-10-24T00:20:55.940-0400][gc,start      ] GC(105) Pause Initial Mark (G1 Humongous Allocation)
[2018-10-24T00:20:55.940-0400][gc,task       ] GC(105) Using 8 workers of 8 for evacuation
[2018-10-24T00:20:55.949-0400][gc,phases     ] GC(105)   Pre Evacuate Collection Set: 0.1ms
[2018-10-24T00:20:55.949-0400][gc,phases     ] GC(105)   Evacuate Collection Set: 7.7ms
[2018-10-24T00:20:55.949-0400][gc,phases     ] GC(105)   Post Evacuate Collection Set: 0.9ms
[2018-10-24T00:20:55.949-0400][gc,phases     ] GC(105)   Other: 0.4ms
[2018-10-24T00:20:55.949-0400][gc,heap       ] GC(105) Eden regions: 46->0(426)
[2018-10-24T00:20:55.949-0400][gc,heap       ] GC(105) Survivor regions: 6->6(49)
[2018-10-24T00:20:55.949-0400][gc,heap       ] GC(105) Old regions: 15->15
[2018-10-24T00:20:55.949-0400][gc,heap       ] GC(105) Humongous regions: 343->130
[2018-10-24T00:20:55.949-0400][gc,metaspace  ] GC(105) Metaspace: 36544K->36544K(1083392K)
[2018-10-24T00:20:55.949-0400][gc            ] GC(105) Pause Initial Mark (G1 Humongous Allocation) 407M->150M(1024M) 9.247ms
[2018-10-24T00:20:55.950-0400][gc,cpu        ] GC(105) User=0.05s Sys=0.00s Real=0.01s
[2018-10-24T00:20:55.950-0400][gc            ] GC(106) Concurrent Cycle
[2018-10-24T00:20:55.950-0400][gc,marking    ] GC(106) Concurrent Clear Claimed Marks
[2018-10-24T00:20:55.950-0400][gc,marking    ] GC(106) Concurrent Clear Claimed Marks 0.012ms
[2018-10-24T00:20:55.950-0400][gc,marking    ] GC(106) Concurrent Scan Root Regions
[2018-10-24T00:20:55.954-0400][gc,marking    ] GC(106) Concurrent Scan Root Regions 4.217ms
[2018-10-24T00:20:55.954-0400][gc,marking    ] GC(106) Concurrent Mark (7113.928s)
[2018-10-24T00:20:55.954-0400][gc,marking    ] GC(106) Concurrent Mark From Roots
[2018-10-24T00:20:55.954-0400][gc,task       ] GC(106) Using 2 workers of 2 for marking
[2018-10-24T00:20:55.965-0400][gc,marking    ] GC(106) Concurrent Mark From Roots 10.868ms
[2018-10-24T00:20:55.965-0400][gc,marking    ] GC(106) Concurrent Mark (7113.928s, 7113.939s) 10.922ms
[2018-10-24T00:20:55.965-0400][gc,start      ] GC(106) Pause Remark
[2018-10-24T00:20:55.977-0400][gc,stringtable] GC(106) Cleaned string and symbol table, strings: 14810 processed, 0 removed, symbols: 96087 processed, 0 removed
[2018-10-24T00:20:55.978-0400][gc            ] GC(106) Pause Remark 153M->153M(1024M) 12.471ms
[2018-10-24T00:20:55.978-0400][gc,cpu        ] GC(106) User=0.05s Sys=0.00s Real=0.01s
[2018-10-24T00:20:55.978-0400][gc,marking    ] GC(106) Concurrent Create Live Data
[2018-10-24T00:20:55.980-0400][gc,marking    ] GC(106) Concurrent Create Live Data 2.733ms
[2018-10-24T00:20:55.981-0400][gc,start      ] GC(106) Pause Cleanup
[2018-10-24T00:20:55.981-0400][gc            ] GC(106) Pause Cleanup 153M->153M(1024M) 0.578ms
[2018-10-24T00:20:55.981-0400][gc,cpu        ] GC(106) User=0.01s Sys=0.00s Real=0.00s
[2018-10-24T00:20:55.981-0400][gc,marking    ] GC(106) Concurrent Cleanup for Next Mark
[2018-10-24T00:20:55.983-0400][gc,marking    ] GC(106) Concurrent Cleanup for Next Mark 1.687ms
[2018-10-24T00:20:55.983-0400][gc            ] GC(106) Concurrent Cycle 33.485ms
[2018-10-24T00:21:08.876-0400][gc,start      ] GC(107) Pause Initial Mark (G1 Humongous Allocation)
[2018-10-24T00:21:08.876-0400][gc,task       ] GC(107) Using 8 workers of 8 for evacuation
[2018-10-24T00:21:08.885-0400][gc,phases     ] GC(107)   Pre Evacuate Collection Set: 0.1ms
[2018-10-24T00:21:08.885-0400][gc,phases     ] GC(107)   Evacuate Collection Set: 8.1ms
[2018-10-24T00:21:08.885-0400][gc,phases     ] GC(107)   Post Evacuate Collection Set: 0.5ms
[2018-10-24T00:21:08.885-0400][gc,phases     ] GC(107)   Other: 0.3ms
[2018-10-24T00:21:08.885-0400][gc,heap       ] GC(107) Eden regions: 9->0(431)
[2018-10-24T00:21:08.885-0400][gc,heap       ] GC(107) Survivor regions: 6->6(54)
[2018-10-24T00:21:08.885-0400][gc,heap       ] GC(107) Old regions: 15->15
[2018-10-24T00:21:08.885-0400][gc,heap       ] GC(107) Humongous regions: 343->131
[2018-10-24T00:21:08.885-0400][gc,metaspace  ] GC(107) Metaspace: 36545K->36545K(1083392K)
[2018-10-24T00:21:08.885-0400][gc            ] GC(107) Pause Initial Mark (G1 Humongous Allocation) 372M->151M(1024M) 9.169ms
[2018-10-24T00:21:08.885-0400][gc,cpu        ] GC(107) User=0.03s Sys=0.00s Real=0.01s
[2018-10-24T00:21:08.885-0400][gc            ] GC(108) Concurrent Cycle
[2018-10-24T00:21:08.885-0400][gc,marking    ] GC(108) Concurrent Clear Claimed Marks
[2018-10-24T00:21:08.885-0400][gc,marking    ] GC(108) Concurrent Clear Claimed Marks 0.010ms
[2018-10-24T00:21:08.885-0400][gc,marking    ] GC(108) Concurrent Scan Root Regions
[2018-10-24T00:21:08.888-0400][gc,marking    ] GC(108) Concurrent Scan Root Regions 2.297ms
[2018-10-24T00:21:08.888-0400][gc,marking    ] GC(108) Concurrent Mark (7126.862s)
[2018-10-24T00:21:08.888-0400][gc,marking    ] GC(108) Concurrent Mark From Roots
[2018-10-24T00:21:08.888-0400][gc,task       ] GC(108) Using 2 workers of 2 for marking
[2018-10-24T00:21:08.898-0400][gc,marking    ] GC(108) Concurrent Mark From Roots 10.653ms
[2018-10-24T00:21:08.898-0400][gc,marking    ] GC(108) Concurrent Mark (7126.862s, 7126.872s) 10.688ms
[2018-10-24T00:21:08.899-0400][gc,start      ] GC(108) Pause Remark
[2018-10-24T00:21:08.909-0400][gc,stringtable] GC(108) Cleaned string and symbol table, strings: 14810 processed, 0 removed, symbols: 96087 processed, 0 removed
[2018-10-24T00:21:08.909-0400][gc            ] GC(108) Pause Remark 153M->153M(1024M) 10.313ms
[2018-10-24T00:21:08.909-0400][gc,cpu        ] GC(108) User=0.04s Sys=0.00s Real=0.01s
[2018-10-24T00:21:08.909-0400][gc,marking    ] GC(108) Concurrent Create Live Data
[2018-10-24T00:21:08.912-0400][gc,marking    ] GC(108) Concurrent Create Live Data 3.089ms
[2018-10-24T00:21:08.912-0400][gc,start      ] GC(108) Pause Cleanup
[2018-10-24T00:21:08.913-0400][gc            ] GC(108) Pause Cleanup 153M->153M(1024M) 0.685ms
[2018-10-24T00:21:08.913-0400][gc,cpu        ] GC(108) User=0.01s Sys=0.00s Real=0.00s
[2018-10-24T00:21:08.913-0400][gc,marking    ] GC(108) Concurrent Cleanup for Next Mark
[2018-10-24T00:21:08.915-0400][gc,marking    ] GC(108) Concurrent Cleanup for Next Mark 1.448ms
[2018-10-24T00:21:08.915-0400][gc            ] GC(108) Concurrent Cycle 29.389ms
[2018-10-24T00:23:24.525-0400][gc,start      ] GC(109) Pause Initial Mark (G1 Humongous Allocation)
[2018-10-24T00:23:24.525-0400][gc,task       ] GC(109) Using 8 workers of 8 for evacuation
[2018-10-24T00:23:24.546-0400][gc,mmu        ] GC(109) MMU target violated: 21.0ms (20.0ms/21.0ms)
[2018-10-24T00:23:24.546-0400][gc,phases     ] GC(109)   Pre Evacuate Collection Set: 0.1ms
[2018-10-24T00:23:24.546-0400][gc,phases     ] GC(109)   Evacuate Collection Set: 20.5ms
[2018-10-24T00:23:24.546-0400][gc,phases     ] GC(109)   Post Evacuate Collection Set: 0.7ms
[2018-10-24T00:23:24.546-0400][gc,phases     ] GC(109)   Other: 0.4ms
[2018-10-24T00:23:24.546-0400][gc,heap       ] GC(109) Eden regions: 24->0(423)
[2018-10-24T00:23:24.546-0400][gc,heap       ] GC(109) Survivor regions: 6->9(55)
[2018-10-24T00:23:24.546-0400][gc,heap       ] GC(109) Old regions: 15->15
[2018-10-24T00:23:24.546-0400][gc,heap       ] GC(109) Humongous regions: 343->130
[2018-10-24T00:23:24.546-0400][gc,metaspace  ] GC(109) Metaspace: 36558K->36558K(1083392K)
[2018-10-24T00:23:24.546-0400][gc            ] GC(109) Pause Initial Mark (G1 Humongous Allocation) 386M->153M(1024M) 21.747ms
[2018-10-24T00:23:24.546-0400][gc,cpu        ] GC(109) User=0.10s Sys=0.00s Real=0.02s
[2018-10-24T00:23:24.546-0400][gc            ] GC(110) Concurrent Cycle
[2018-10-24T00:23:24.546-0400][gc,marking    ] GC(110) Concurrent Clear Claimed Marks
[2018-10-24T00:23:24.546-0400][gc,marking    ] GC(110) Concurrent Clear Claimed Marks 0.011ms
[2018-10-24T00:23:24.546-0400][gc,marking    ] GC(110) Concurrent Scan Root Regions
[2018-10-24T00:23:24.550-0400][gc,marking    ] GC(110) Concurrent Scan Root Regions 3.731ms
[2018-10-24T00:23:24.550-0400][gc,marking    ] GC(110) Concurrent Mark (7262.524s)
[2018-10-24T00:23:24.550-0400][gc,marking    ] GC(110) Concurrent Mark From Roots
[2018-10-24T00:23:24.550-0400][gc,task       ] GC(110) Using 2 workers of 2 for marking
[2018-10-24T00:23:24.561-0400][gc,marking    ] GC(110) Concurrent Mark From Roots 11.036ms
[2018-10-24T00:23:24.561-0400][gc,marking    ] GC(110) Concurrent Mark (7262.524s, 7262.535s) 11.084ms
[2018-10-24T00:23:24.561-0400][gc,start      ] GC(110) Pause Remark
[2018-10-24T00:23:24.568-0400][gc,stringtable] GC(110) Cleaned string and symbol table, strings: 14815 processed, 0 removed, symbols: 96087 processed, 0 removed
[2018-10-24T00:23:24.568-0400][gc            ] GC(110) Pause Remark 158M->158M(1024M) 6.590ms
[2018-10-24T00:23:24.568-0400][gc,cpu        ] GC(110) User=0.02s Sys=0.00s Real=0.01s
[2018-10-24T00:23:24.568-0400][gc,marking    ] GC(110) Concurrent Create Live Data
[2018-10-24T00:23:24.571-0400][gc,marking    ] GC(110) Concurrent Create Live Data 2.820ms
[2018-10-24T00:23:24.571-0400][gc,start      ] GC(110) Pause Cleanup
[2018-10-24T00:23:24.572-0400][gc            ] GC(110) Pause Cleanup 158M->158M(1024M) 0.650ms
[2018-10-24T00:23:24.572-0400][gc,cpu        ] GC(110) User=0.00s Sys=0.00s Real=0.00s
[2018-10-24T00:23:24.572-0400][gc,marking    ] GC(110) Concurrent Cleanup for Next Mark
[2018-10-24T00:23:24.573-0400][gc,marking    ] GC(110) Concurrent Cleanup for Next Mark 1.571ms
[2018-10-24T00:23:24.573-0400][gc            ] GC(110) Concurrent Cycle 27.203ms
[2018-10-24T00:23:55.806-0400][gc,start      ] GC(111) Pause Initial Mark (G1 Humongous Allocation)
[2018-10-24T00:23:55.806-0400][gc,task       ] GC(111) Using 8 workers of 8 for evacuation
[2018-10-24T00:23:55.819-0400][gc,phases     ] GC(111)   Pre Evacuate Collection Set: 0.1ms
[2018-10-24T00:23:55.820-0400][gc,phases     ] GC(111)   Evacuate Collection Set: 12.5ms
[2018-10-24T00:23:55.820-0400][gc,phases     ] GC(111)   Post Evacuate Collection Set: 0.7ms
[2018-10-24T00:23:55.820-0400][gc,phases     ] GC(111)   Other: 0.4ms
[2018-10-24T00:23:55.820-0400][gc,heap       ] GC(111) Eden regions: 12->0(411)
[2018-10-24T00:23:55.820-0400][gc,heap       ] GC(111) Survivor regions: 9->9(54)
[2018-10-24T00:23:55.820-0400][gc,heap       ] GC(111) Old regions: 15->16
[2018-10-24T00:23:55.820-0400][gc,heap       ] GC(111) Humongous regions: 343->131
[2018-10-24T00:23:55.820-0400][gc,metaspace  ] GC(111) Metaspace: 36558K->36558K(1083392K)
[2018-10-24T00:23:55.820-0400][gc            ] GC(111) Pause Initial Mark (G1 Humongous Allocation) 378M->154M(1024M) 13.661ms
[2018-10-24T00:23:55.820-0400][gc,cpu        ] GC(111) User=0.07s Sys=0.00s Real=0.01s
[2018-10-24T00:23:55.820-0400][gc            ] GC(112) Concurrent Cycle
[2018-10-24T00:23:55.820-0400][gc,marking    ] GC(112) Concurrent Clear Claimed Marks
[2018-10-24T00:23:55.820-0400][gc,marking    ] GC(112) Concurrent Clear Claimed Marks 0.018ms
[2018-10-24T00:23:55.820-0400][gc,marking    ] GC(112) Concurrent Scan Root Regions
[2018-10-24T00:23:55.823-0400][gc,marking    ] GC(112) Concurrent Scan Root Regions 3.526ms
[2018-10-24T00:23:55.823-0400][gc,marking    ] GC(112) Concurrent Mark (7293.797s)
[2018-10-24T00:23:55.823-0400][gc,marking    ] GC(112) Concurrent Mark From Roots
[2018-10-24T00:23:55.823-0400][gc,task       ] GC(112) Using 2 workers of 2 for marking
[2018-10-24T00:23:55.836-0400][gc,marking    ] GC(112) Concurrent Mark From Roots 12.754ms
[2018-10-24T00:23:55.836-0400][gc,marking    ] GC(112) Concurrent Mark (7293.797s, 7293.810s) 12.811ms
[2018-10-24T00:23:55.836-0400][gc,start      ] GC(112) Pause Remark
[2018-10-24T00:23:55.844-0400][gc,stringtable] GC(112) Cleaned string and symbol table, strings: 14815 processed, 0 removed, symbols: 96087 processed, 0 removed
[2018-10-24T00:23:55.844-0400][gc            ] GC(112) Pause Remark 158M->158M(1024M) 8.098ms
[2018-10-24T00:23:55.845-0400][gc,cpu        ] GC(112) User=0.04s Sys=0.00s Real=0.01s
[2018-10-24T00:23:55.845-0400][gc,marking    ] GC(112) Concurrent Create Live Data
[2018-10-24T00:23:55.848-0400][gc,marking    ] GC(112) Concurrent Create Live Data 2.918ms
[2018-10-24T00:23:55.848-0400][gc,start      ] GC(112) Pause Cleanup
[2018-10-24T00:23:55.848-0400][gc            ] GC(112) Pause Cleanup 158M->158M(1024M) 0.597ms
[2018-10-24T00:23:55.848-0400][gc,cpu        ] GC(112) User=0.00s Sys=0.00s Real=0.00s
[2018-10-24T00:23:55.848-0400][gc,marking    ] GC(112) Concurrent Cleanup for Next Mark
[2018-10-24T00:23:55.850-0400][gc,marking    ] GC(112) Concurrent Cleanup for Next Mark 1.370ms
[2018-10-24T00:23:55.850-0400][gc            ] GC(112) Concurrent Cycle 30.069ms
[2018-10-24T00:24:57.559-0400][gc,start      ] GC(113) Pause Initial Mark (G1 Humongous Allocation)
[2018-10-24T00:24:57.559-0400][gc,task       ] GC(113) Using 8 workers of 8 for evacuation
[2018-10-24T00:24:57.569-0400][gc,phases     ] GC(113)   Pre Evacuate Collection Set: 0.1ms
[2018-10-24T00:24:57.569-0400][gc,phases     ] GC(113)   Evacuate Collection Set: 8.9ms
[2018-10-24T00:24:57.569-0400][gc,phases     ] GC(113)   Post Evacuate Collection Set: 0.6ms
[2018-10-24T00:24:57.569-0400][gc,phases     ] GC(113)   Other: 0.4ms
[2018-10-24T00:24:57.569-0400][gc,heap       ] GC(113) Eden regions: 14->0(453)
[2018-10-24T00:24:57.569-0400][gc,heap       ] GC(113) Survivor regions: 9->9(53)
[2018-10-24T00:24:57.569-0400][gc,heap       ] GC(113) Old regions: 16->16
[2018-10-24T00:24:57.569-0400][gc,heap       ] GC(113) Humongous regions: 342->130
[2018-10-24T00:24:57.569-0400][gc,metaspace  ] GC(113) Metaspace: 36574K->36574K(1083392K)
[2018-10-24T00:24:57.569-0400][gc            ] GC(113) Pause Initial Mark (G1 Humongous Allocation) 379M->154M(1024M) 10.059ms
[2018-10-24T00:24:57.569-0400][gc,cpu        ] GC(113) User=0.06s Sys=0.00s Real=0.01s
[2018-10-24T00:24:57.569-0400][gc            ] GC(114) Concurrent Cycle
[2018-10-24T00:24:57.569-0400][gc,marking    ] GC(114) Concurrent Clear Claimed Marks
[2018-10-24T00:24:57.569-0400][gc,marking    ] GC(114) Concurrent Clear Claimed Marks 0.025ms
[2018-10-24T00:24:57.569-0400][gc,marking    ] GC(114) Concurrent Scan Root Regions
[2018-10-24T00:24:57.573-0400][gc,marking    ] GC(114) Concurrent Scan Root Regions 3.144ms
[2018-10-24T00:24:57.573-0400][gc,marking    ] GC(114) Concurrent Mark (7355.547s)
[2018-10-24T00:24:57.573-0400][gc,marking    ] GC(114) Concurrent Mark From Roots
[2018-10-24T00:24:57.573-0400][gc,task       ] GC(114) Using 2 workers of 2 for marking
[2018-10-24T00:24:57.582-0400][gc,marking    ] GC(114) Concurrent Mark From Roots 9.126ms
[2018-10-24T00:24:57.582-0400][gc,marking    ] GC(114) Concurrent Mark (7355.547s, 7355.556s) 9.174ms
[2018-10-24T00:24:57.582-0400][gc,start      ] GC(114) Pause Remark
[2018-10-24T00:24:57.597-0400][gc,stringtable] GC(114) Cleaned string and symbol table, strings: 14816 processed, 0 removed, symbols: 96087 processed, 0 removed
[2018-10-24T00:24:57.597-0400][gc            ] GC(114) Pause Remark 157M->157M(1024M) 14.860ms
[2018-10-24T00:24:57.597-0400][gc,cpu        ] GC(114) User=0.06s Sys=0.00s Real=0.01s
[2018-10-24T00:24:57.597-0400][gc,marking    ] GC(114) Concurrent Create Live Data
[2018-10-24T00:24:57.600-0400][gc,marking    ] GC(114) Concurrent Create Live Data 2.764ms
[2018-10-24T00:24:57.600-0400][gc,start      ] GC(114) Pause Cleanup
[2018-10-24T00:24:57.601-0400][gc            ] GC(114) Pause Cleanup 157M->157M(1024M) 0.617ms
[2018-10-24T00:24:57.601-0400][gc,cpu        ] GC(114) User=0.01s Sys=0.00s Real=0.00s
[2018-10-24T00:24:57.601-0400][gc,marking    ] GC(114) Concurrent Cleanup for Next Mark
[2018-10-24T00:24:57.602-0400][gc,marking    ] GC(114) Concurrent Cleanup for Next Mark 1.485ms
[2018-10-24T00:24:57.602-0400][gc            ] GC(114) Concurrent Cycle 32.949ms
[2018-10-24T00:25:28.901-0400][gc,start      ] GC(115) Pause Initial Mark (G1 Humongous Allocation)
[2018-10-24T00:25:28.901-0400][gc,task       ] GC(115) Using 8 workers of 8 for evacuation
[2018-10-24T00:25:28.911-0400][gc,phases     ] GC(115)   Pre Evacuate Collection Set: 0.1ms
[2018-10-24T00:25:28.911-0400][gc,phases     ] GC(115)   Evacuate Collection Set: 8.5ms
[2018-10-24T00:25:28.911-0400][gc,phases     ] GC(115)   Post Evacuate Collection Set: 0.7ms
[2018-10-24T00:25:28.911-0400][gc,phases     ] GC(115)   Other: 0.4ms
[2018-10-24T00:25:28.911-0400][gc,heap       ] GC(115) Eden regions: 12->0(486)
[2018-10-24T00:25:28.911-0400][gc,heap       ] GC(115) Survivor regions: 9->8(58)
[2018-10-24T00:25:28.911-0400][gc,heap       ] GC(115) Old regions: 16->16
[2018-10-24T00:25:28.911-0400][gc,heap       ] GC(115) Humongous regions: 342->130
[2018-10-24T00:25:28.911-0400][gc,metaspace  ] GC(115) Metaspace: 36580K->36580K(1083392K)
[2018-10-24T00:25:28.911-0400][gc            ] GC(115) Pause Initial Mark (G1 Humongous Allocation) 377M->153M(1024M) 9.785ms
[2018-10-24T00:25:28.911-0400][gc,cpu        ] GC(115) User=0.05s Sys=0.00s Real=0.01s
[2018-10-24T00:25:28.911-0400][gc            ] GC(116) Concurrent Cycle
[2018-10-24T00:25:28.911-0400][gc,marking    ] GC(116) Concurrent Clear Claimed Marks
[2018-10-24T00:25:28.911-0400][gc,marking    ] GC(116) Concurrent Clear Claimed Marks 0.022ms
[2018-10-24T00:25:28.911-0400][gc,marking    ] GC(116) Concurrent Scan Root Regions
[2018-10-24T00:25:28.914-0400][gc,marking    ] GC(116) Concurrent Scan Root Regions 3.182ms
[2018-10-24T00:25:28.914-0400][gc,marking    ] GC(116) Concurrent Mark (7386.888s)
[2018-10-24T00:25:28.914-0400][gc,marking    ] GC(116) Concurrent Mark From Roots
[2018-10-24T00:25:28.914-0400][gc,task       ] GC(116) Using 2 workers of 2 for marking
[2018-10-24T00:25:28.923-0400][gc,marking    ] GC(116) Concurrent Mark From Roots 9.284ms
[2018-10-24T00:25:28.923-0400][gc,marking    ] GC(116) Concurrent Mark (7386.888s, 7386.897s) 9.346ms
[2018-10-24T00:25:28.924-0400][gc,start      ] GC(116) Pause Remark
[2018-10-24T00:25:28.936-0400][gc,stringtable] GC(116) Cleaned string and symbol table, strings: 14819 processed, 0 removed, symbols: 96088 processed, 0 removed
[2018-10-24T00:25:28.936-0400][gc            ] GC(116) Pause Remark 156M->156M(1024M) 12.013ms
[2018-10-24T00:25:28.936-0400][gc,cpu        ] GC(116) User=0.04s Sys=0.00s Real=0.01s
[2018-10-24T00:25:28.936-0400][gc,marking    ] GC(116) Concurrent Create Live Data
[2018-10-24T00:25:28.939-0400][gc,marking    ] GC(116) Concurrent Create Live Data 2.833ms
[2018-10-24T00:25:28.939-0400][gc,start      ] GC(116) Pause Cleanup
[2018-10-24T00:25:28.940-0400][gc            ] GC(116) Pause Cleanup 157M->157M(1024M) 0.634ms
[2018-10-24T00:25:28.940-0400][gc,cpu        ] GC(116) User=0.00s Sys=0.00s Real=0.00s
[2018-10-24T00:25:28.940-0400][gc,marking    ] GC(116) Concurrent Cleanup for Next Mark
[2018-10-24T00:25:28.941-0400][gc,marking    ] GC(116) Concurrent Cleanup for Next Mark 1.359ms
[2018-10-24T00:25:28.941-0400][gc            ] GC(116) Concurrent Cycle 30.201ms
[2018-10-24T00:26:00.291-0400][gc,start      ] GC(117) Pause Initial Mark (G1 Humongous Allocation)
[2018-10-24T00:26:00.291-0400][gc,task       ] GC(117) Using 8 workers of 8 for evacuation
[2018-10-24T00:26:00.304-0400][gc,phases     ] GC(117)   Pre Evacuate Collection Set: 0.1ms
[2018-10-24T00:26:00.304-0400][gc,phases     ] GC(117)   Evacuate Collection Set: 11.9ms
[2018-10-24T00:26:00.304-0400][gc,phases     ] GC(117)   Post Evacuate Collection Set: 0.7ms
[2018-10-24T00:26:00.304-0400][gc,phases     ] GC(117)   Other: 0.3ms
[2018-10-24T00:26:00.304-0400][gc,heap       ] GC(117) Eden regions: 11->0(398)
[2018-10-24T00:26:00.304-0400][gc,heap       ] GC(117) Survivor regions: 8->8(62)
[2018-10-24T00:26:00.304-0400][gc,heap       ] GC(117) Old regions: 16->17
[2018-10-24T00:26:00.304-0400][gc,heap       ] GC(117) Humongous regions: 342->130
[2018-10-24T00:26:00.304-0400][gc,metaspace  ] GC(117) Metaspace: 36580K->36580K(1083392K)
[2018-10-24T00:26:00.304-0400][gc            ] GC(117) Pause Initial Mark (G1 Humongous Allocation) 376M->154M(1024M) 13.055ms
[2018-10-24T00:26:00.304-0400][gc,cpu        ] GC(117) User=0.04s Sys=0.00s Real=0.02s
[2018-10-24T00:26:00.304-0400][gc            ] GC(118) Concurrent Cycle
[2018-10-24T00:26:00.304-0400][gc,marking    ] GC(118) Concurrent Clear Claimed Marks
[2018-10-24T00:26:00.304-0400][gc,marking    ] GC(118) Concurrent Clear Claimed Marks 0.013ms
[2018-10-24T00:26:00.304-0400][gc,marking    ] GC(118) Concurrent Scan Root Regions
[2018-10-24T00:26:00.308-0400][gc,marking    ] GC(118) Concurrent Scan Root Regions 3.303ms
[2018-10-24T00:26:00.308-0400][gc,marking    ] GC(118) Concurrent Mark (7418.282s)
[2018-10-24T00:26:00.308-0400][gc,marking    ] GC(118) Concurrent Mark From Roots
[2018-10-24T00:26:00.308-0400][gc,task       ] GC(118) Using 2 workers of 2 for marking
[2018-10-24T00:26:00.317-0400][gc,marking    ] GC(118) Concurrent Mark From Roots 9.467ms
[2018-10-24T00:26:00.317-0400][gc,marking    ] GC(118) Concurrent Mark (7418.282s, 7418.291s) 9.498ms
[2018-10-24T00:26:00.317-0400][gc,start      ] GC(118) Pause Remark
[2018-10-24T00:26:00.329-0400][gc,stringtable] GC(118) Cleaned string and symbol table, strings: 14819 processed, 0 removed, symbols: 96088 processed, 0 removed
[2018-10-24T00:26:00.329-0400][gc            ] GC(118) Pause Remark 157M->157M(1024M) 11.834ms
[2018-10-24T00:26:00.329-0400][gc,cpu        ] GC(118) User=0.07s Sys=0.00s Real=0.01s
[2018-10-24T00:26:00.329-0400][gc,marking    ] GC(118) Concurrent Create Live Data
[2018-10-24T00:26:00.337-0400][gc,marking    ] GC(118) Concurrent Create Live Data 7.234ms
[2018-10-24T00:26:00.337-0400][gc,start      ] GC(118) Pause Cleanup
[2018-10-24T00:26:00.337-0400][gc            ] GC(118) Pause Cleanup 158M->158M(1024M) 0.668ms
[2018-10-24T00:26:00.338-0400][gc,cpu        ] GC(118) User=0.01s Sys=0.00s Real=0.00s
[2018-10-24T00:26:00.338-0400][gc,marking    ] GC(118) Concurrent Cleanup for Next Mark
[2018-10-24T00:26:00.339-0400][gc,marking    ] GC(118) Concurrent Cleanup for Next Mark 1.395ms
[2018-10-24T00:26:00.339-0400][gc            ] GC(118) Concurrent Cycle 34.800ms
[2018-10-24T00:34:40.957-0400][gc,start      ] GC(119) Pause Initial Mark (G1 Humongous Allocation)
[2018-10-24T00:34:40.958-0400][gc,task       ] GC(119) Using 8 workers of 8 for evacuation
[2018-10-24T00:34:40.974-0400][gc,phases     ] GC(119)   Pre Evacuate Collection Set: 0.1ms
[2018-10-24T00:34:40.974-0400][gc,phases     ] GC(119)   Evacuate Collection Set: 15.5ms
[2018-10-24T00:34:40.974-0400][gc,phases     ] GC(119)   Post Evacuate Collection Set: 0.8ms
[2018-10-24T00:34:40.974-0400][gc,phases     ] GC(119)   Other: 0.4ms
[2018-10-24T00:34:40.974-0400][gc,heap       ] GC(119) Eden regions: 29->0(359)
[2018-10-24T00:34:40.974-0400][gc,heap       ] GC(119) Survivor regions: 8->8(51)
[2018-10-24T00:34:40.974-0400][gc,heap       ] GC(119) Old regions: 17->17
[2018-10-24T00:34:40.974-0400][gc,heap       ] GC(119) Humongous regions: 341->131
[2018-10-24T00:34:40.974-0400][gc,metaspace  ] GC(119) Metaspace: 36605K->36605K(1083392K)
[2018-10-24T00:34:40.974-0400][gc            ] GC(119) Pause Initial Mark (G1 Humongous Allocation) 393M->154M(1024M) 16.897ms
[2018-10-24T00:34:40.974-0400][gc,cpu        ] GC(119) User=0.10s Sys=0.00s Real=0.02s
[2018-10-24T00:34:40.975-0400][gc            ] GC(120) Concurrent Cycle
[2018-10-24T00:34:40.975-0400][gc,marking    ] GC(120) Concurrent Clear Claimed Marks
[2018-10-24T00:34:40.975-0400][gc,marking    ] GC(120) Concurrent Clear Claimed Marks 0.024ms
[2018-10-24T00:34:40.975-0400][gc,marking    ] GC(120) Concurrent Scan Root Regions
[2018-10-24T00:34:40.980-0400][gc,marking    ] GC(120) Concurrent Scan Root Regions 5.100ms
[2018-10-24T00:34:40.980-0400][gc,marking    ] GC(120) Concurrent Mark (7938.954s)
[2018-10-24T00:34:40.980-0400][gc,marking    ] GC(120) Concurrent Mark From Roots
[2018-10-24T00:34:40.980-0400][gc,task       ] GC(120) Using 2 workers of 2 for marking
[2018-10-24T00:34:40.998-0400][gc,marking    ] GC(120) Concurrent Mark From Roots 17.811ms
[2018-10-24T00:34:40.998-0400][gc,marking    ] GC(120) Concurrent Mark (7938.954s, 7938.972s) 17.867ms
[2018-10-24T00:34:40.998-0400][gc,start      ] GC(120) Pause Remark
[2018-10-24T00:34:41.004-0400][gc,stringtable] GC(120) Cleaned string and symbol table, strings: 14819 processed, 0 removed, symbols: 96088 processed, 0 removed
[2018-10-24T00:34:41.004-0400][gc            ] GC(120) Pause Remark 156M->156M(1024M) 6.043ms
[2018-10-24T00:34:41.004-0400][gc,cpu        ] GC(120) User=0.03s Sys=0.00s Real=0.01s
[2018-10-24T00:34:41.004-0400][gc,marking    ] GC(120) Concurrent Create Live Data
[2018-10-24T00:34:41.007-0400][gc,marking    ] GC(120) Concurrent Create Live Data 2.975ms
[2018-10-24T00:34:41.007-0400][gc,start      ] GC(120) Pause Cleanup
[2018-10-24T00:34:41.008-0400][gc            ] GC(120) Pause Cleanup 156M->156M(1024M) 0.616ms
[2018-10-24T00:34:41.008-0400][gc,cpu        ] GC(120) User=0.00s Sys=0.00s Real=0.00s
[2018-10-24T00:34:41.008-0400][gc,marking    ] GC(120) Concurrent Cleanup for Next Mark
[2018-10-24T00:34:41.009-0400][gc,marking    ] GC(120) Concurrent Cleanup for Next Mark 1.340ms
[2018-10-24T00:34:41.009-0400][gc            ] GC(120) Concurrent Cycle 34.728ms
[2018-10-24T00:35:36.831-0400][gc,start      ] GC(121) Pause Initial Mark (G1 Humongous Allocation)
[2018-10-24T00:35:36.831-0400][gc,task       ] GC(121) Using 8 workers of 8 for evacuation
[2018-10-24T00:35:36.842-0400][gc,phases     ] GC(121)   Pre Evacuate Collection Set: 0.1ms
[2018-10-24T00:35:36.842-0400][gc,phases     ] GC(121)   Evacuate Collection Set: 9.3ms
[2018-10-24T00:35:36.842-0400][gc,phases     ] GC(121)   Post Evacuate Collection Set: 0.7ms
[2018-10-24T00:35:36.842-0400][gc,phases     ] GC(121)   Other: 0.4ms
[2018-10-24T00:35:36.842-0400][gc,heap       ] GC(121) Eden regions: 17->0(390)
[2018-10-24T00:35:36.842-0400][gc,heap       ] GC(121) Survivor regions: 8->8(46)
[2018-10-24T00:35:36.842-0400][gc,heap       ] GC(121) Old regions: 17->17
[2018-10-24T00:35:36.842-0400][gc,heap       ] GC(121) Humongous regions: 341->131
[2018-10-24T00:35:36.842-0400][gc,metaspace  ] GC(121) Metaspace: 36609K->36609K(1083392K)
[2018-10-24T00:35:36.842-0400][gc            ] GC(121) Pause Initial Mark (G1 Humongous Allocation) 381M->155M(1024M) 10.500ms
[2018-10-24T00:35:36.842-0400][gc,cpu        ] GC(121) User=0.05s Sys=0.00s Real=0.02s
[2018-10-24T00:35:36.842-0400][gc            ] GC(122) Concurrent Cycle
[2018-10-24T00:35:36.842-0400][gc,marking    ] GC(122) Concurrent Clear Claimed Marks
[2018-10-24T00:35:36.842-0400][gc,marking    ] GC(122) Concurrent Clear Claimed Marks 0.013ms
[2018-10-24T00:35:36.842-0400][gc,marking    ] GC(122) Concurrent Scan Root Regions
[2018-10-24T00:35:36.845-0400][gc,marking    ] GC(122) Concurrent Scan Root Regions 3.114ms
[2018-10-24T00:35:36.845-0400][gc,marking    ] GC(122) Concurrent Mark (7994.819s)
[2018-10-24T00:35:36.845-0400][gc,marking    ] GC(122) Concurrent Mark From Roots
[2018-10-24T00:35:36.845-0400][gc,task       ] GC(122) Using 2 workers of 2 for marking
[2018-10-24T00:35:36.855-0400][gc,marking    ] GC(122) Concurrent Mark From Roots 9.682ms
[2018-10-24T00:35:36.855-0400][gc,marking    ] GC(122) Concurrent Mark (7994.819s, 7994.829s) 9.724ms
[2018-10-24T00:35:36.855-0400][gc,start      ] GC(122) Pause Remark
[2018-10-24T00:35:36.866-0400][gc,stringtable] GC(122) Cleaned string and symbol table, strings: 14819 processed, 0 removed, symbols: 96088 processed, 0 removed
[2018-10-24T00:35:36.866-0400][gc            ] GC(122) Pause Remark 157M->157M(1024M) 11.181ms
[2018-10-24T00:35:36.866-0400][gc,cpu        ] GC(122) User=0.06s Sys=0.00s Real=0.01s
[2018-10-24T00:35:36.867-0400][gc,marking    ] GC(122) Concurrent Create Live Data
[2018-10-24T00:35:36.869-0400][gc,marking    ] GC(122) Concurrent Create Live Data 2.757ms
[2018-10-24T00:35:36.870-0400][gc,start      ] GC(122) Pause Cleanup
[2018-10-24T00:35:36.870-0400][gc            ] GC(122) Pause Cleanup 157M->157M(1024M) 0.659ms
[2018-10-24T00:35:36.870-0400][gc,cpu        ] GC(122) User=0.00s Sys=0.00s Real=0.00s
[2018-10-24T00:35:36.870-0400][gc,marking    ] GC(122) Concurrent Cleanup for Next Mark
[2018-10-24T00:35:36.872-0400][gc,marking    ] GC(122) Concurrent Cleanup for Next Mark 1.430ms
[2018-10-24T00:35:36.872-0400][gc            ] GC(122) Concurrent Cycle 29.871ms
[2018-10-24T00:37:00.287-0400][gc,start      ] GC(123) Pause Initial Mark (G1 Humongous Allocation)
[2018-10-24T00:37:00.287-0400][gc,task       ] GC(123) Using 8 workers of 8 for evacuation
[2018-10-24T00:37:00.301-0400][gc,phases     ] GC(123)   Pre Evacuate Collection Set: 0.1ms
[2018-10-24T00:37:00.301-0400][gc,phases     ] GC(123)   Evacuate Collection Set: 12.4ms
[2018-10-24T00:37:00.301-0400][gc,phases     ] GC(123)   Post Evacuate Collection Set: 0.7ms
[2018-10-24T00:37:00.301-0400][gc,phases     ] GC(123)   Other: 0.3ms
[2018-10-24T00:37:00.301-0400][gc,heap       ] GC(123) Eden regions: 15->0(417)
[2018-10-24T00:37:00.301-0400][gc,heap       ] GC(123) Survivor regions: 8->7(50)
[2018-10-24T00:37:00.301-0400][gc,heap       ] GC(123) Old regions: 17->18
[2018-10-24T00:37:00.301-0400][gc,heap       ] GC(123) Humongous regions: 341->131
[2018-10-24T00:37:00.301-0400][gc,metaspace  ] GC(123) Metaspace: 36639K->36639K(1083392K)
[2018-10-24T00:37:00.301-0400][gc            ] GC(123) Pause Initial Mark (G1 Humongous Allocation) 379M->154M(1024M) 13.635ms
[2018-10-24T00:37:00.301-0400][gc,cpu        ] GC(123) User=0.07s Sys=0.00s Real=0.01s
[2018-10-24T00:37:00.301-0400][gc            ] GC(124) Concurrent Cycle
[2018-10-24T00:37:00.301-0400][gc,marking    ] GC(124) Concurrent Clear Claimed Marks
[2018-10-24T00:37:00.301-0400][gc,marking    ] GC(124) Concurrent Clear Claimed Marks 0.019ms
[2018-10-24T00:37:00.301-0400][gc,marking    ] GC(124) Concurrent Scan Root Regions
[2018-10-24T00:37:00.304-0400][gc,marking    ] GC(124) Concurrent Scan Root Regions 2.891ms
[2018-10-24T00:37:00.304-0400][gc,marking    ] GC(124) Concurrent Mark (8078.278s)
[2018-10-24T00:37:00.304-0400][gc,marking    ] GC(124) Concurrent Mark From Roots
[2018-10-24T00:37:00.304-0400][gc,task       ] GC(124) Using 2 workers of 2 for marking
[2018-10-24T00:37:00.313-0400][gc,marking    ] GC(124) Concurrent Mark From Roots 9.041ms
[2018-10-24T00:37:00.313-0400][gc,marking    ] GC(124) Concurrent Mark (8078.278s, 8078.287s) 9.089ms
[2018-10-24T00:37:00.315-0400][gc,start      ] GC(124) Pause Remark
[2018-10-24T00:37:00.325-0400][gc,stringtable] GC(124) Cleaned string and symbol table, strings: 14831 processed, 0 removed, symbols: 96089 processed, 0 removed
[2018-10-24T00:37:00.325-0400][gc            ] GC(124) Pause Remark 157M->157M(1024M) 9.577ms
[2018-10-24T00:37:00.325-0400][gc,cpu        ] GC(124) User=0.05s Sys=0.00s Real=0.01s
[2018-10-24T00:37:00.325-0400][gc,marking    ] GC(124) Concurrent Create Live Data
[2018-10-24T00:37:00.328-0400][gc,marking    ] GC(124) Concurrent Create Live Data 2.824ms
[2018-10-24T00:37:00.328-0400][gc,start      ] GC(124) Pause Cleanup
[2018-10-24T00:37:00.329-0400][gc            ] GC(124) Pause Cleanup 157M->157M(1024M) 0.795ms
[2018-10-24T00:37:00.329-0400][gc,cpu        ] GC(124) User=0.00s Sys=0.00s Real=0.00s
[2018-10-24T00:37:00.329-0400][gc,marking    ] GC(124) Concurrent Cleanup for Next Mark
[2018-10-24T00:37:00.330-0400][gc,marking    ] GC(124) Concurrent Cleanup for Next Mark 1.531ms
[2018-10-24T00:37:00.330-0400][gc            ] GC(124) Concurrent Cycle 29.383ms
[2018-10-24T00:43:50.694-0400][gc,start      ] GC(125) Pause Initial Mark (G1 Humongous Allocation)
[2018-10-24T00:43:50.694-0400][gc,task       ] GC(125) Using 8 workers of 8 for evacuation
[2018-10-24T00:43:50.703-0400][gc,phases     ] GC(125)   Pre Evacuate Collection Set: 0.1ms
[2018-10-24T00:43:50.703-0400][gc,phases     ] GC(125)   Evacuate Collection Set: 7.4ms
[2018-10-24T00:43:50.703-0400][gc,phases     ] GC(125)   Post Evacuate Collection Set: 0.9ms
[2018-10-24T00:43:50.703-0400][gc,phases     ] GC(125)   Other: 0.4ms
[2018-10-24T00:43:50.703-0400][gc,heap       ] GC(125) Eden regions: 23->0(422)
[2018-10-24T00:43:50.703-0400][gc,heap       ] GC(125) Survivor regions: 7->7(53)
[2018-10-24T00:43:50.703-0400][gc,heap       ] GC(125) Old regions: 18->18
[2018-10-24T00:43:50.703-0400][gc,heap       ] GC(125) Humongous regions: 340->130
[2018-10-24T00:43:50.703-0400][gc,metaspace  ] GC(125) Metaspace: 36643K->36643K(1083392K)
[2018-10-24T00:43:50.703-0400][gc            ] GC(125) Pause Initial Mark (G1 Humongous Allocation) 385M->154M(1024M) 8.882ms
[2018-10-24T00:43:50.703-0400][gc,cpu        ] GC(125) User=0.04s Sys=0.00s Real=0.01s
[2018-10-24T00:43:50.703-0400][gc            ] GC(126) Concurrent Cycle
[2018-10-24T00:43:50.703-0400][gc,marking    ] GC(126) Concurrent Clear Claimed Marks
[2018-10-24T00:43:50.703-0400][gc,marking    ] GC(126) Concurrent Clear Claimed Marks 0.012ms
[2018-10-24T00:43:50.703-0400][gc,marking    ] GC(126) Concurrent Scan Root Regions
[2018-10-24T00:43:50.706-0400][gc,marking    ] GC(126) Concurrent Scan Root Regions 2.829ms
[2018-10-24T00:43:50.706-0400][gc,marking    ] GC(126) Concurrent Mark (8488.680s)
[2018-10-24T00:43:50.706-0400][gc,marking    ] GC(126) Concurrent Mark From Roots
[2018-10-24T00:43:50.706-0400][gc,task       ] GC(126) Using 2 workers of 2 for marking
[2018-10-24T00:43:50.716-0400][gc,marking    ] GC(126) Concurrent Mark From Roots 9.236ms
[2018-10-24T00:43:50.716-0400][gc,marking    ] GC(126) Concurrent Mark (8488.680s, 8488.690s) 9.288ms
[2018-10-24T00:43:50.716-0400][gc,start      ] GC(126) Pause Remark
[2018-10-24T00:43:50.723-0400][gc,stringtable] GC(126) Cleaned string and symbol table, strings: 14832 processed, 0 removed, symbols: 96089 processed, 0 removed
[2018-10-24T00:43:50.723-0400][gc            ] GC(126) Pause Remark 157M->157M(1024M) 7.547ms
[2018-10-24T00:43:50.723-0400][gc,cpu        ] GC(126) User=0.03s Sys=0.01s Real=0.01s
[2018-10-24T00:43:50.723-0400][gc,marking    ] GC(126) Concurrent Create Live Data
[2018-10-24T00:43:50.726-0400][gc,marking    ] GC(126) Concurrent Create Live Data 2.997ms
[2018-10-24T00:43:50.727-0400][gc,start      ] GC(126) Pause Cleanup
[2018-10-24T00:43:50.727-0400][gc            ] GC(126) Pause Cleanup 157M->157M(1024M) 0.694ms
[2018-10-24T00:43:50.727-0400][gc,cpu        ] GC(126) User=0.00s Sys=0.00s Real=0.00s
[2018-10-24T00:43:50.728-0400][gc,marking    ] GC(126) Concurrent Cleanup for Next Mark
[2018-10-24T00:43:50.729-0400][gc,marking    ] GC(126) Concurrent Cleanup for Next Mark 1.533ms
[2018-10-24T00:43:50.729-0400][gc            ] GC(126) Concurrent Cycle 25.664ms
[2018-10-24T00:44:03.072-0400][gc,start      ] GC(127) Pause Initial Mark (G1 Humongous Allocation)
[2018-10-24T00:44:03.073-0400][gc,task       ] GC(127) Using 8 workers of 8 for evacuation
[2018-10-24T00:44:03.085-0400][gc,phases     ] GC(127)   Pre Evacuate Collection Set: 0.1ms
[2018-10-24T00:44:03.085-0400][gc,phases     ] GC(127)   Evacuate Collection Set: 11.4ms
[2018-10-24T00:44:03.085-0400][gc,phases     ] GC(127)   Post Evacuate Collection Set: 0.7ms
[2018-10-24T00:44:03.085-0400][gc,phases     ] GC(127)   Other: 0.3ms
[2018-10-24T00:44:03.085-0400][gc,heap       ] GC(127) Eden regions: 11->0(427)
[2018-10-24T00:44:03.085-0400][gc,heap       ] GC(127) Survivor regions: 7->7(54)
[2018-10-24T00:44:03.085-0400][gc,heap       ] GC(127) Old regions: 18->18
[2018-10-24T00:44:03.085-0400][gc,heap       ] GC(127) Humongous regions: 340->130
[2018-10-24T00:44:03.085-0400][gc,metaspace  ] GC(127) Metaspace: 36652K->36652K(1083392K)
[2018-10-24T00:44:03.085-0400][gc            ] GC(127) Pause Initial Mark (G1 Humongous Allocation) 374M->154M(1024M) 12.573ms
[2018-10-24T00:44:03.085-0400][gc,cpu        ] GC(127) User=0.06s Sys=0.01s Real=0.02s
[2018-10-24T00:44:03.085-0400][gc            ] GC(128) Concurrent Cycle
[2018-10-24T00:44:03.085-0400][gc,marking    ] GC(128) Concurrent Clear Claimed Marks
[2018-10-24T00:44:03.085-0400][gc,marking    ] GC(128) Concurrent Clear Claimed Marks 0.020ms
[2018-10-24T00:44:03.085-0400][gc,marking    ] GC(128) Concurrent Scan Root Regions
[2018-10-24T00:44:03.088-0400][gc,marking    ] GC(128) Concurrent Scan Root Regions 2.849ms
[2018-10-24T00:44:03.088-0400][gc,marking    ] GC(128) Concurrent Mark (8501.062s)
[2018-10-24T00:44:03.088-0400][gc,marking    ] GC(128) Concurrent Mark From Roots
[2018-10-24T00:44:03.088-0400][gc,task       ] GC(128) Using 2 workers of 2 for marking
[2018-10-24T00:44:03.098-0400][gc,marking    ] GC(128) Concurrent Mark From Roots 9.891ms
[2018-10-24T00:44:03.098-0400][gc,marking    ] GC(128) Concurrent Mark (8501.062s, 8501.072s) 9.922ms
[2018-10-24T00:44:03.098-0400][gc,start      ] GC(128) Pause Remark
[2018-10-24T00:44:03.107-0400][gc,stringtable] GC(128) Cleaned string and symbol table, strings: 14837 processed, 0 removed, symbols: 96089 processed, 0 removed
[2018-10-24T00:44:03.107-0400][gc            ] GC(128) Pause Remark 157M->157M(1024M) 8.819ms
[2018-10-24T00:44:03.107-0400][gc,cpu        ] GC(128) User=0.03s Sys=0.00s Real=0.01s
[2018-10-24T00:44:03.107-0400][gc,marking    ] GC(128) Concurrent Create Live Data
[2018-10-24T00:44:03.112-0400][gc,marking    ] GC(128) Concurrent Create Live Data 4.520ms
[2018-10-24T00:44:03.112-0400][gc,start      ] GC(128) Pause Cleanup
[2018-10-24T00:44:03.113-0400][gc            ] GC(128) Pause Cleanup 157M->157M(1024M) 0.752ms
[2018-10-24T00:44:03.113-0400][gc,cpu        ] GC(128) User=0.00s Sys=0.00s Real=0.00s
[2018-10-24T00:44:03.113-0400][gc,marking    ] GC(128) Concurrent Cleanup for Next Mark
[2018-10-24T00:44:03.114-0400][gc,marking    ] GC(128) Concurrent Cleanup for Next Mark 1.471ms
[2018-10-24T00:44:03.114-0400][gc            ] GC(128) Concurrent Cycle 29.175ms
[2018-10-24T00:45:16.079-0400][gc,start      ] GC(129) Pause Initial Mark (G1 Humongous Allocation)
[2018-10-24T00:45:16.079-0400][gc,task       ] GC(129) Using 8 workers of 8 for evacuation
[2018-10-24T00:45:16.095-0400][gc,phases     ] GC(129)   Pre Evacuate Collection Set: 0.1ms
[2018-10-24T00:45:16.095-0400][gc,phases     ] GC(129)   Evacuate Collection Set: 15.4ms
[2018-10-24T00:45:16.095-0400][gc,phases     ] GC(129)   Post Evacuate Collection Set: 0.7ms
[2018-10-24T00:45:16.095-0400][gc,phases     ] GC(129)   Other: 0.4ms
[2018-10-24T00:45:16.095-0400][gc,heap       ] GC(129) Eden regions: 21->0(469)
[2018-10-24T00:45:16.095-0400][gc,heap       ] GC(129) Survivor regions: 7->6(55)
[2018-10-24T00:45:16.095-0400][gc,heap       ] GC(129) Old regions: 18->19
[2018-10-24T00:45:16.095-0400][gc,heap       ] GC(129) Humongous regions: 340->131
[2018-10-24T00:45:16.095-0400][gc,metaspace  ] GC(129) Metaspace: 36674K->36674K(1083392K)
[2018-10-24T00:45:16.095-0400][gc            ] GC(129) Pause Initial Mark (G1 Humongous Allocation) 384M->155M(1024M) 16.541ms
[2018-10-24T00:45:16.095-0400][gc,cpu        ] GC(129) User=0.08s Sys=0.00s Real=0.02s
[2018-10-24T00:45:16.095-0400][gc            ] GC(130) Concurrent Cycle
[2018-10-24T00:45:16.095-0400][gc,marking    ] GC(130) Concurrent Clear Claimed Marks
[2018-10-24T00:45:16.095-0400][gc,marking    ] GC(130) Concurrent Clear Claimed Marks 0.013ms
[2018-10-24T00:45:16.095-0400][gc,marking    ] GC(130) Concurrent Scan Root Regions
[2018-10-24T00:45:16.099-0400][gc,marking    ] GC(130) Concurrent Scan Root Regions 3.704ms
[2018-10-24T00:45:16.099-0400][gc,marking    ] GC(130) Concurrent Mark (8574.073s)
[2018-10-24T00:45:16.099-0400][gc,marking    ] GC(130) Concurrent Mark From Roots
[2018-10-24T00:45:16.099-0400][gc,task       ] GC(130) Using 2 workers of 2 for marking
[2018-10-24T00:45:16.110-0400][gc,marking    ] GC(130) Concurrent Mark From Roots 11.146ms
[2018-10-24T00:45:16.110-0400][gc,marking    ] GC(130) Concurrent Mark (8574.073s, 8574.084s) 11.223ms
[2018-10-24T00:45:16.111-0400][gc,start      ] GC(130) Pause Remark
[2018-10-24T00:45:16.126-0400][gc,stringtable] GC(130) Cleaned string and symbol table, strings: 14845 processed, 0 removed, symbols: 96090 processed, 0 removed
[2018-10-24T00:45:16.126-0400][gc            ] GC(130) Pause Remark 158M->158M(1024M) 15.383ms
[2018-10-24T00:45:16.126-0400][gc,cpu        ] GC(130) User=0.04s Sys=0.00s Real=0.02s
[2018-10-24T00:45:16.126-0400][gc,marking    ] GC(130) Concurrent Create Live Data
[2018-10-24T00:45:16.129-0400][gc,marking    ] GC(130) Concurrent Create Live Data 3.365ms
[2018-10-24T00:45:16.130-0400][gc,start      ] GC(130) Pause Cleanup
[2018-10-24T00:45:16.131-0400][gc            ] GC(130) Pause Cleanup 158M->158M(1024M) 0.905ms
[2018-10-24T00:45:16.131-0400][gc,cpu        ] GC(130) User=0.00s Sys=0.00s Real=0.00s
[2018-10-24T00:45:16.131-0400][gc,marking    ] GC(130) Concurrent Cleanup for Next Mark
[2018-10-24T00:45:16.132-0400][gc,marking    ] GC(130) Concurrent Cleanup for Next Mark 1.680ms
[2018-10-24T00:45:16.132-0400][gc            ] GC(130) Concurrent Cycle 37.023ms
[2018-10-24T00:45:28.375-0400][gc,start      ] GC(131) Pause Initial Mark (G1 Humongous Allocation)
[2018-10-24T00:45:28.375-0400][gc,task       ] GC(131) Using 8 workers of 8 for evacuation
[2018-10-24T00:45:28.388-0400][gc,phases     ] GC(131)   Pre Evacuate Collection Set: 0.1ms
[2018-10-24T00:45:28.388-0400][gc,phases     ] GC(131)   Evacuate Collection Set: 12.0ms
[2018-10-24T00:45:28.388-0400][gc,phases     ] GC(131)   Post Evacuate Collection Set: 0.6ms
[2018-10-24T00:45:28.388-0400][gc,phases     ] GC(131)   Other: 0.3ms
[2018-10-24T00:45:28.388-0400][gc,heap       ] GC(131) Eden regions: 11->0(382)
[2018-10-24T00:45:28.388-0400][gc,heap       ] GC(131) Survivor regions: 6->6(60)
[2018-10-24T00:45:28.388-0400][gc,heap       ] GC(131) Old regions: 19->19
[2018-10-24T00:45:28.388-0400][gc,heap       ] GC(131) Humongous regions: 339->131
[2018-10-24T00:45:28.388-0400][gc,metaspace  ] GC(131) Metaspace: 36674K->36674K(1083392K)
[2018-10-24T00:45:28.388-0400][gc            ] GC(131) Pause Initial Mark (G1 Humongous Allocation) 373M->155M(1024M) 13.025ms
[2018-10-24T00:45:28.388-0400][gc,cpu        ] GC(131) User=0.06s Sys=0.00s Real=0.01s
[2018-10-24T00:45:28.388-0400][gc            ] GC(132) Concurrent Cycle
[2018-10-24T00:45:28.388-0400][gc,marking    ] GC(132) Concurrent Clear Claimed Marks
[2018-10-24T00:45:28.388-0400][gc,marking    ] GC(132) Concurrent Clear Claimed Marks 0.012ms
[2018-10-24T00:45:28.388-0400][gc,marking    ] GC(132) Concurrent Scan Root Regions
[2018-10-24T00:45:28.393-0400][gc,marking    ] GC(132) Concurrent Scan Root Regions 4.881ms
[2018-10-24T00:45:28.393-0400][gc,marking    ] GC(132) Concurrent Mark (8586.367s)
[2018-10-24T00:45:28.393-0400][gc,marking    ] GC(132) Concurrent Mark From Roots
[2018-10-24T00:45:28.393-0400][gc,task       ] GC(132) Using 2 workers of 2 for marking
[2018-10-24T00:45:28.409-0400][gc,marking    ] GC(132) Concurrent Mark From Roots 15.883ms
[2018-10-24T00:45:28.409-0400][gc,marking    ] GC(132) Concurrent Mark (8586.367s, 8586.383s) 15.955ms
[2018-10-24T00:45:28.409-0400][gc,start      ] GC(132) Pause Remark
[2018-10-24T00:45:28.429-0400][gc,stringtable] GC(132) Cleaned string and symbol table, strings: 14856 processed, 0 removed, symbols: 96090 processed, 0 removed
[2018-10-24T00:45:28.429-0400][gc            ] GC(132) Pause Remark 158M->158M(1024M) 19.919ms
[2018-10-24T00:45:28.429-0400][gc,cpu        ] GC(132) User=0.06s Sys=0.00s Real=0.02s
[2018-10-24T00:45:28.429-0400][gc,marking    ] GC(132) Concurrent Create Live Data
[2018-10-24T00:45:28.434-0400][gc,marking    ] GC(132) Concurrent Create Live Data 4.223ms
[2018-10-24T00:45:28.434-0400][gc,start      ] GC(132) Pause Cleanup
[2018-10-24T00:45:28.435-0400][gc            ] GC(132) Pause Cleanup 158M->158M(1024M) 0.766ms
[2018-10-24T00:45:28.435-0400][gc,cpu        ] GC(132) User=0.00s Sys=0.00s Real=0.01s
[2018-10-24T00:45:28.435-0400][gc,marking    ] GC(132) Concurrent Cleanup for Next Mark
[2018-10-24T00:45:28.437-0400][gc,marking    ] GC(132) Concurrent Cleanup for Next Mark 2.349ms
[2018-10-24T00:45:28.437-0400][gc            ] GC(132) Concurrent Cycle 48.880ms
[2018-10-24T00:45:40.904-0400][gc,start      ] GC(133) Pause Initial Mark (G1 Humongous Allocation)
